[py_clob_client_v2] request error status=400 url=https://clob.polymarket.com/auth/api-key body={"error":"Could not create api key"}

[2026-09-17T12:21:13Z] start_cash=428.624973
[2026-09-17T12:21:13Z] session_begin sessions=0 fills=0 stake_usd=40
[py_clob_client_v2] request error status=400 url=https://clob.polymarket.com/auth/api-key body={"error":"Could not create api key"}

{
  "started_at": "2026-09-17T12:21:17.428257Z",
  "params": {
    "profile": "conservative",
    "threshold": 0.8,
    "stake_usd": 40.0,
    "stop_loss_pct": 0.9,
    "exit_before_sec": 20,
    "min_entry_seconds_left": 60,
    "entry_timeout_min": 12,
    "poll_sec": 2.0,
    "max_ask": 0.85,
    "expensive_ask": 0.8,
    "expensive_after_wins": 3,
    "clob_cut_bid": 0.4,
    "close_retry_max": 30,
    "close_retry_delay_sec": 2.0,
    "execute": true,
    "win_streak": 0
  },
  "attempts": [
    {
      "ts": "2026-09-17T12:21:18.462033Z",
      "slug": "btc-updown-5m-1789647600",
      "status": "heartbeat",
      "gamma_up": 0.485,
      "gamma_down": 0.515,
      "clob_up_ask": 0.58,
      "clob_down_ask": 0.4,
      "seconds_left": 222.28670120239258,
      "min_spread": 0.010000000000000009
    },
    {
      "ts": "2026-09-17T12:21:18.462060Z",
      "slug": "btc-updown-5m-1789647600",
      "status": "skip_price_below_threshold",
      "threshold": 0.8,
      "max_ask": 0.85,
      "win_streak": 0,
      "clob_up_ask": 0.58,
      "clob_down_ask": 0.4,
      "seconds_left": 222.28670120239258,
      "trigger_price": null
    },
    {
      "ts": "2026-09-17T12:21:21.375767Z",
      "slug": "btc-updown-5m-1789647600",
      "status": "heartbeat",
      "gamma_up": 0.485,
      "gamma_down": 0.515,
      "clob_up_ask": 0.65,
      "clob_down_ask": 0.4,
      "seconds_left": 219.24348282814026,
      "min_spread": 0.010000000000000009
    },
    {
      "ts": "2026-09-17T12:21:21.375797Z",
      "slug": "btc-updown-5m-1789647600",
      "status": "skip_price_below_threshold",
      "threshold": 0.8,
      "max_ask": 0.85,
      "win_streak": 0,
      "clob_up_ask": 0.65,
      "clob_down_ask": 0.4,
      "seconds_left": 219.24348282814026,
      "trigger_price": null
    },
    {
      "ts": "2026-09-17T12:21:24.259853Z",
      "slug": "btc-updown-5m-1789647600",
      "status": "heartbeat",
      "gamma_up": 0.485,
      "gamma_down": 0.515,
      "clob_up_ask": 0.56,
      "clob_down_ask": 0.46,
      "seconds_left": 216.35443758964539,
      "min_spread": 0.010000000000000009
    },
    {
      "ts": "2026-09-17T12:21:24.259878Z",
      "slug": "btc-updown-5m-1789647600",
      "status": "skip_price_below_threshold",
      "threshold": 0.8,
      "max_ask": 0.85,
      "win_streak": 0,
      "clob_up_ask": 0.56,
      "clob_down_ask": 0.46,
      "seconds_left": 216.35443758964539,
      "trigger_price": null
    },
    {
      "ts": "2026-09-17T12:21:37.314523Z",
      "slug": "btc-updown-5m-1789647600",
      "status": "heartbeat",
      "gamma_up": 0.485,
      "gamma_down": 0.515,
      "clob_up_ask": 0.67,
      "clob_down_ask": 0.37,
      "seconds_left": 203.43912267684937,
      "min_spread": 0.010000000000000009
    },
    {
      "ts": "2026-09-17T12:21:37.314546Z",
      "slug": "btc-updown-5m-1789647600",
      "status": "skip_price_below_threshold",
      "threshold": 0.8,
      "max_ask": 0.85,
      "win_streak": 0,
      "clob_up_ask": 0.67,
      "clob_down_ask": 0.37,
      "seconds_left": 203.43912267684937,
      "trigger_price": null
    },
    {
      "ts": "2026-09-17T12:21:40.258296Z",
      "slug": "btc-updown-5m-1789647600",
      "status": "heartbeat",
      "gamma_up": 0.485,
      "gamma_down": 0.515,
      "clob_up_ask": 0.62,
      "clob_down_ask": 0.4,
      "seconds_left": 200.34537172317505,
      "min_spread": 0.010000000000000009
    },
    {
      "ts": "2026-09-17T12:21:40.258321Z",
      "slug": "btc-updown-5m-1789647600",
      "status": "skip_price_below_threshold",
      "threshold": 0.8,
      "max_ask": 0.85,
      "win_streak": 0,
      "clob_up_ask": 0.62,
      "clob_down_ask": 0.4,
      "seconds_left": 200.34537172317505,
      "trigger_price": null
    },
    {
      "ts": "2026-09-17T12:21:43.169363Z",
      "slug": "btc-updown-5m-1789647600",
      "status": "heartbeat",
      "gamma_up": 0.485,
      "gamma_down": 0.515,
      "clob_up_ask": 0.6,
      "clob_down_ask": 0.4,
      "seconds_left": 197.4378468990326,
      "min_spread": 0.010000000000000009
    },
    {
      "ts": "2026-09-17T12:21:43.169377Z",
      "slug": "btc-updown-5m-1789647600",
      "status": "skip_price_below_threshold",
      "threshold": 0.8,
      "max_ask": 0.85,
      "win_streak": 0,
      "clob_up_ask": 0.6,
      "clob_down_ask": 0.4,
      "seconds_left": 197.4378468990326,
      "trigger_price": null
    },
    {
      "ts": "2026-09-17T12:21:46.089453Z",
      "slug": "btc-updown-5m-1789647600",
      "status": "heartbeat",
      "gamma_up": 0.485,
      "gamma_down": 0.515,
      "clob_up_ask": 0.62,
      "clob_down_ask": 0.46,
      "seconds_left": 194.5315945148468,
      "min_spread": 0.010000000000000009
    },
    {
      "ts": "2026-09-17T12:21:46.089586Z",
      "slug": "btc-updown-5m-1789647600",
      "status": "skip_price_below_threshold",
      "threshold": 0.8,
      "max_ask": 0.85,
      "win_streak": 0,
      "clob_up_ask": 0.62,
      "clob_down_ask": 0.46,
      "seconds_left": 194.5315945148468,
      "trigger_price": null
    },
    {
      "ts": "2026-09-17T12:21:48.985778Z",
      "slug": "btc-updown-5m-1789647600",
      "status": "heartbeat",
      "gamma_up": 0.485,
      "gamma_down": 0.515,
      "clob_up_ask": 0.6,
      "clob_down_ask": 0.41,
      "seconds_left": 191.61893248558044,
      "min_spread": 0.009999999999999953
    },
    {
      "ts": "2026-09-17T12:21:48.985797Z",
      "slug": "btc-updown-5m-1789647600",
      "status": "skip_price_below_threshold",
      "threshold": 0.8,
      "max_ask": 0.85,
      "win_streak": 0,
      "clob_up_ask": 0.6,
      "clob_down_ask": 0.41,
      "seconds_left": 191.61893248558044,
      "trigger_price": null
    },
    {
      "ts": "2026-09-17T12:21:55.591457Z",
      "slug": "btc-updown-5m-1789647600",
      "status": "heartbeat",
      "gamma_up": 0.485,
      "gamma_down": 0.515,
      "clob_up_ask": 0.61,
      "clob_down_ask": 0.38,
      "seconds_left": 185.11293840408325,
      "min_spread": 0.010000000000000009
    },
    {
      "ts": "2026-09-17T12:21:55.591485Z",
      "slug": "btc-updown-5m-1789647600",
      "status": "skip_price_below_threshold",
      "threshold": 0.8,
      "max_ask": 0.85,
      "win_streak": 0,
      "clob_up_ask": 0.61,
      "clob_down_ask": 0.38,
      "seconds_left": 185.11293840408325,
      "trigger_price": null
    },
    {
      "ts": "2026-09-17T12:21:58.445211Z",
      "slug": "btc-updown-5m-1789647600",
      "status": "heartbeat",
      "gamma_up": 0.485,
      "gamma_down": 0.515,
      "clob_up_ask": 0.62,
      "clob_down_ask": 0.4,
      "seconds_left": 182.1360640525818,
      "min_spread": 0.010000000000000009
    },
    {
      "ts": "2026-09-17T12:21:58.445236Z",
      "slug": "btc-updown-5m-1789647600",
      "status": "skip_price_below_threshold",
      "threshold": 0.8,
      "max_ask": 0.85,
      "win_streak": 0,
      "clob_up_ask": 0.62,
      "clob_down_ask": 0.4,
      "seconds_left": 182.1360640525818,
      "trigger_price": null
    },
    {
      "ts": "2026-09-17T12:22:01.456849Z",
      "slug": "btc-updown-5m-1789647600",
      "status": "heartbeat",
      "gamma_up": 0.485,
      "gamma_down": 0.515,
      "clob_up_ask": 0.65,
      "clob_down_ask": 0.38,
      "seconds_left": 179.27445650100708,
      "min_spread": 0.010000000000000009
    },
    {
      "ts": "2026-09-17T12:22:01.456864Z",
      "slug": "btc-updown-5m-1789647600",
      "status": "skip_price_below_threshold",
      "threshold": 0.8,
      "max_ask": 0.85,
      "win_streak": 0,
      "clob_up_ask": 0.65,
      "clob_down_ask": 0.38,
      "seconds_left": 179.27445650100708,
      "trigger_price": null
    },
    {
      "ts": "2026-09-17T12:22:04.334332Z",
      "slug": "btc-updown-5m-1789647600",
      "status": "heartbeat",
      "gamma_up": 0.485,
      "gamma_down": 0.515,
      "clob_up_ask": 0.64,
      "clob_down_ask": 0.38,
      "seconds_left": 176.26274251937866,
      "min_spread": 0.010000000000000009
    },
    {
      "ts": "2026-09-17T12:22:04.334355Z",
      "slug": "btc-updown-5m-1789647600",
      "status": "skip_price_below_threshold",
      "threshold": 0.8,
      "max_ask": 0.85,
      "win_streak": 0,
      "clob_up_ask": 0.64,
      "clob_down_ask": 0.38,
      "seconds_left": 176.26274251937866,
      "trigger_price": null
    },
    {
      "ts": "2026-09-17T12:22:07.208117Z",
      "slug": "btc-updown-5m-1789647600",
      "status": "heartbeat",
      "gamma_up": 0.485,
      "gamma_down": 0.515,
      "clob_up_ask": 0.64,
      "clob_down_ask": 0.37,
      "seconds_left": 173.39301204681396,
      "min_spread": 0.010000000000000009
    },
    {
      "ts": "2026-09-17T12:22:07.208132Z",
      "slug": "btc-updown-5m-1789647600",
      "status": "skip_price_below_threshold",
      "threshold": 0.8,
      "max_ask": 0.85,
      "win_streak": 0,
      "clob_up_ask": 0.64,
      "clob_down_ask": 0.37,
      "seconds_left": 173.39301204681396,
      "trigger_price": null
    },
    {
      "ts": "2026-09-17T12:22:10.100806Z",
      "slug": "btc-updown-5m-1789647600",
      "status": "heartbeat",
      "gamma_up": 0.485,
      "gamma_down": 0.515,
      "clob_up_ask": 0.64,
      "clob_down_ask": 0.37,
      "seconds_left": 170.50394129753113,
      "min_spread": 0.010000000000000009
    },
    {
      "ts": "2026-09-17T12:22:10.100821Z",
      "slug": "btc-updown-5m-1789647600",
      "status": "skip_price_below_threshold",
      "threshold": 0.8,
      "max_ask": 0.85,
      "win_streak": 0,
      "clob_up_ask": 0.64,
      "clob_down_ask": 0.37,
      "seconds_left": 170.50394129753113,
      "trigger_price": null
    },
    {
      "ts": "2026-09-17T12:22:13.004740Z",
      "slug": "btc-updown-5m-1789647600",
      "status": "heartbeat",
      "gamma_up": 0.485,
      "gamma_down": 0.515,
      "clob_up_ask": 0.62,
      "clob_down_ask": 0.39,
      "seconds_left": 167.5933747291565,
      "min_spread": 0.010000000000000009
    },
    {
      "ts": "2026-09-17T12:22:13.004765Z",
      "slug": "btc-updown-5m-1789647600",
      "status": "skip_price_below_threshold",
      "threshold": 0.8,
      "max_ask": 0.85,
      "win_streak": 0,
      "clob_up_ask": 0.62,
      "clob_down_ask": 0.39,
      "seconds_left": 167.5933747291565,
      "trigger_price": null
    },
    {
      "ts": "2026-09-17T12:22:15.895595Z",
      "slug": "btc-updown-5m-1789647600",
      "status": "heartbeat",
      "gamma_up": 0.485,
      "gamma_down": 0.515,
      "clob_up_ask": 0.64,
      "clob_down_ask": 0.37,
      "seconds_left": 164.70928835868835,
      "min_spread": 0.010000000000000009
    },
    {
      "ts": "2026-09-17T12:22:15.895621Z",
      "slug": "btc-updown-5m-1789647600",
      "status": "skip_price_below_threshold",
      "threshold": 0.8,
      "max_ask": 0.85,
      "win_streak": 0,
      "clob_up_ask": 0.64,
      "clob_down_ask": 0.37,
      "seconds_left": 164.70928835868835,
      "trigger_price": null
    },
    {
      "ts": "2026-09-17T12:22:18.783735Z",
      "slug": "btc-updown-5m-1789647600",
      "status": "heartbeat",
      "gamma_up": 0.485,
      "gamma_down": 0.515,
      "clob_up_ask": 0.55,
      "clob_down_ask": 0.47,
      "seconds_left": 161.82161116600037,
      "min_spread": 0.009999999999999953
    },
    {
      "ts": "2026-09-17T12:22:18.783765Z",
      "slug": "btc-updown-5m-1789647600",
      "status": "skip_price_below_threshold",
      "threshold": 0.8,
      "max_ask": 0.85,
      "win_streak": 0,
      "clob_up_ask": 0.55,
      "clob_down_ask": 0.47,
      "seconds_left": 161.82161116600037,
      "trigger_price": null
    },
    {
      "ts": "2026-09-17T12:22:21.728053Z",
      "slug": "btc-updown-5m-1789647600",
      "status": "heartbeat",
      "gamma_up": 0.485,
      "gamma_down": 0.515,
      "clob_up_ask": 0.61,
      "clob_down_ask": 0.42,
      "seconds_left": 158.91491103172302,
      "min_spread": 0.010000000000000009
    },
    {
      "ts": "2026-09-17T12:22:21.728082Z",
      "slug": "btc-updown-5m-1789647600",
      "status": "skip_price_below_threshold",
      "threshold": 0.8,
      "max_ask": 0.85,
      "win_streak": 0,
      "clob_up_ask": 0.61,
      "clob_down_ask": 0.42,
      "seconds_left": 158.91491103172302,
      "trigger_price": null
    },
    {
      "ts": "2026-09-17T12:22:24.648623Z",
      "slug": "btc-updown-5m-1789647600",
      "status": "heartbeat",
      "gamma_up": 0.485,
      "gamma_down": 0.515,
      "clob_up_ask": 0.53,
      "clob_down_ask": 0.48,
      "seconds_left": 155.94867825508118,
      "min_spread": 0.010000000000000009
    },
    {
      "ts": "2026-09-17T12:22:24.648639Z",
      "slug": "btc-updown-5m-1789647600",
      "status": "skip_price_below_threshold",
      "threshold": 0.8,
      "max_ask": 0.85,
      "win_streak": 0,
      "clob_up_ask": 0.53,
      "clob_down_ask": 0.48,
      "seconds_left": 155.94867825508118,
      "trigger_price": null
    },
    {
      "ts": "2026-09-17T12:22:31.211049Z",
      "slug": "btc-updown-5m-1789647600",
      "status": "heartbeat",
      "gamma_up": 0.485,
      "gamma_down": 0.515,
      "clob_up_ask": 0.41,
      "clob_down_ask": 0.64,
      "seconds_left": 149.4353528022766,
      "min_spread": 0.009999999999999953
    },
    {
      "ts": "2026-09-17T12:22:31.211077Z",
      "slug": "btc-updown-5m-1789647600",
      "status": "skip_price_below_threshold",
      "threshold": 0.8,
      "max_ask": 0.85,
      "win_streak": 0,
      "clob_up_ask": 0.41,
      "clob_down_ask": 0.64,
      "seconds_left": 149.4353528022766,
      "trigger_price": null
    },
    {
      "ts": "2026-09-17T12:22:34.201005Z",
      "slug": "btc-updown-5m-1789647600",
      "status": "heartbeat",
      "gamma_up": 0.485,
      "gamma_down": 0.515,
      "clob_up_ask": 0.38,
      "clob_down_ask": 0.65,
      "seconds_left": 146.43818259239197,
      "min_spread": 0.010000000000000009
    },
    {
      "ts": "2026-09-17T12:22:34.201021Z",
      "slug": "btc-updown-5m-1789647600",
      "status": "skip_price_below_threshold",
      "threshold": 0.8,
      "max_ask": 0.85,
      "win_streak": 0,
      "clob_up_ask": 0.38,
      "clob_down_ask": 0.65,
      "seconds_left": 146.43818259239197,
      "trigger_price": null
    },
    {
      "ts": "2026-09-17T12:22:37.113342Z",
      "slug": "btc-updown-5m-1789647600",
      "status": "heartbeat",
      "gamma_up": 0.485,
      "gamma_down": 0.515,
      "clob_up_ask": 0.3,
      "clob_down_ask": 0.72,
      "seconds_left": 143.49550104141235,
      "min_spread": 0.010000000000000009
    },
    {
      "ts": "2026-09-17T12:22:37.113366Z",
      "slug": "btc-updown-5m-1789647600",
      "status": "skip_price_below_threshold",
      "threshold": 0.8,
      "max_ask": 0.85,
      "win_streak": 0,
      "clob_up_ask": 0.3,
      "clob_down_ask": 0.72,
      "seconds_left": 143.49550104141235,
      "trigger_price": null
    },
    {
      "ts": "2026-09-17T12:22:39.973726Z",
      "slug": "btc-updown-5m-1789647600",
      "status": "heartbeat",
      "gamma_up": 0.485,
      "gamma_down": 0.515,
      "clob_up_ask": 0.35,
      "clob_down_ask": 0.66,
      "seconds_left": 140.61956691741943,
      "min_spread": 0.009999999999999953
    },
    {
      "ts": "2026-09-17T12:22:39.973739Z",
      "slug": "btc-updown-5m-1789647600",
      "status": "skip_price_below_threshold",
      "threshold": 0.8,
      "max_ask": 0.85,
      "win_streak": 0,
      "clob_up_ask": 0.35,
      "clob_down_ask": 0.66,
      "seconds_left": 140.61956691741943,
      "trigger_price": null
    },
    {
      "ts": "2026-09-17T12:22:42.884853Z",
      "slug": "btc-updown-5m-1789647600",
      "status": "heartbeat",
      "gamma_up": 0.485,
      "gamma_down": 0.515,
      "clob_up_ask": 0.43,
      "clob_down_ask": 0.59,
      "seconds_left": 137.71687150001526,
      "min_spread": 0.010000000000000009
    },
    {
      "ts": "2026-09-17T12:22:42.884870Z",
      "slug": "btc-updown-5m-1789647600",
      "status": "skip_price_below_threshold",
      "threshold": 0.8,
      "max_ask": 0.85,
      "win_streak": 0,
      "clob_up_ask": 0.43,
      "clob_down_ask": 0.59,
      "seconds_left": 137.71687150001526,
      "trigger_price": null
    },
    {
      "ts": "2026-09-17T12:22:45.758601Z",
      "slug": "btc-updown-5m-1789647600",
      "status": "heartbeat",
      "gamma_up": 0.345,
      "gamma_down": 0.655,
      "clob_up_ask": 0.41,
      "clob_down_ask": 0.6,
      "seconds_left": 134.83612370491028,
      "min_spread": 0.009999999999999953
    },
    {
      "ts": "2026-09-17T12:22:45.758698Z",
      "slug": "btc-updown-5m-1789647600",
      "status": "skip_price_below_threshold",
      "threshold": 0.8,
      "max_ask": 0.85,
      "win_streak": 0,
      "clob_up_ask": 0.41,
      "clob_down_ask": 0.6,
      "seconds_left": 134.83612370491028,
      "trigger_price": null
    },
    {
      "ts": "2026-09-17T12:22:48.648771Z",
      "slug": "btc-updown-5m-1789647600",
      "status": "heartbeat",
      "gamma_up": 0.345,
      "gamma_down": 0.655,
      "clob_up_ask": 0.41,
      "clob_down_ask": 0.65,
      "seconds_left": 131.95670890808105,
      "min_spread": 0.030000000000000027
    },
    {
      "ts": "2026-09-17T12:22:48.648821Z",
      "slug": "btc-updown-5m-1789647600",
      "status": "skip_price_below_threshold",
      "threshold": 0.8,
      "max_ask": 0.85,
      "win_streak": 0,
      "clob_up_ask": 0.41,
      "clob_down_ask": 0.65,
      "seconds_left": 131.95670890808105,
      "trigger_price": null
    },
    {
      "ts": "2026-09-17T12:22:51.566905Z",
      "slug": "btc-updown-5m-1789647600",
      "status": "heartbeat",
      "gamma_up": 0.345,
      "gamma_down": 0.655,
      "clob_up_ask": 0.5,
      "clob_down_ask": 0.51,
      "seconds_left": 129.07112765312195,
      "min_spread": 0.010000000000000009
    },
    {
      "ts": "2026-09-17T12:22:51.566922Z",
      "slug": "btc-updown-5m-1789647600",
      "status": "skip_price_below_threshold",
      "threshold": 0.8,
      "max_ask": 0.85,
      "win_streak": 0,
      "clob_up_ask": 0.5,
      "clob_down_ask": 0.51,
      "seconds_left": 129.07112765312195,
      "trigger_price": null
    },
    {
      "ts": "2026-09-17T12:22:54.465990Z",
      "slug": "btc-updown-5m-1789647600",
      "status": "heartbeat",
      "gamma_up": 0.345,
      "gamma_down": 0.655,
      "clob_up_ask": 0.46,
      "clob_down_ask": 0.54,
      "seconds_left": 126.13689231872559,
      "min_spread": 0.010000000000000009
    },
    {
      "ts": "2026-09-17T12:22:54.466041Z",
      "slug": "btc-updown-5m-1789647600",
      "status": "skip_price_below_threshold",
      "threshold": 0.8,
      "max_ask": 0.85,
      "win_streak": 0,
      "clob_up_ask": 0.46,
      "clob_down_ask": 0.54,
      "seconds_left": 126.13689231872559,
      "trigger_price": null
    },
    {
      "ts": "2026-09-17T12:22:57.354416Z",
      "slug": "btc-updown-5m-1789647600",
      "status": "heartbeat",
      "gamma_up": 0.345,
      "gamma_down": 0.655,
      "clob_up_ask": 0.45,
      "clob_down_ask": 0.61,
      "seconds_left": 123.25856471061707,
      "min_spread": 0.010000000000000009
    },
    {
      "ts": "2026-09-17T12:22:57.354442Z",
      "slug": "btc-updown-5m-1789647600",
      "status": "skip_price_below_threshold",
      "threshold": 0.8,
      "max_ask": 0.85,
      "win_streak": 0,
      "clob_up_ask": 0.45,
      "clob_down_ask": 0.61,
      "seconds_left": 123.25856471061707,
      "trigger_price": null
    },
    {
      "ts": "2026-09-17T12:23:00.230549Z",
      "slug": "btc-updown-5m-1789647600",
      "status": "heartbeat",
      "gamma_up": 0.345,
      "gamma_down": 0.655,
      "clob_up_ask": 0.43,
      "clob_down_ask": 0.58,
      "seconds_left": 120.36155867576599,
      "min_spread": 0.010000000000000009
    },
    {
      "ts": "2026-09-17T12:23:00.230564Z",
      "slug": "btc-updown-5m-1789647600",
      "status": "skip_price_below_threshold",
      "threshold": 0.8,
      "max_ask": 0.85,
      "win_streak": 0,
      "clob_up_ask": 0.43,
      "clob_down_ask": 0.58,
      "seconds_left": 120.36155867576599,
      "trigger_price": null
    },
    {
      "ts": "2026-09-17T12:23:06.995557Z",
      "slug": "btc-updown-5m-1789647600",
      "status": "heartbeat",
      "gamma_up": 0.345,
      "gamma_down": 0.655,
      "clob_up_ask": 0.37,
      "clob_down_ask": 0.63,
      "seconds_left": 113.88794374465942,
      "min_spread": 0.010000000000000009
    },
    {
      "ts": "2026-09-17T12:23:06.995582Z",
      "slug": "btc-updown-5m-1789647600",
      "status": "skip_price_below_threshold",
      "threshold": 0.8,
      "max_ask": 0.85,
      "win_streak": 0,
      "clob_up_ask": 0.37,
      "clob_down_ask": 0.63,
      "seconds_left": 113.88794374465942,
      "trigger_price": null
    },
    {
      "ts": "2026-09-17T12:23:09.893157Z",
      "slug": "btc-updown-5m-1789647600",
      "status": "heartbeat",
      "gamma_up": 0.345,
      "gamma_down": 0.655,
      "clob_up_ask": 0.35,
      "clob_down_ask": 0.66,
      "seconds_left": 110.71139025688171,
      "min_spread": 0.009999999999999953
    },
    {
      "ts": "2026-09-17T12:23:09.893257Z",
      "slug": "btc-updown-5m-1789647600",
      "status": "skip_price_below_threshold",
      "threshold": 0.8,
      "max_ask": 0.85,
      "win_streak": 0,
      "clob_up_ask": 0.35,
      "clob_down_ask": 0.66,
      "seconds_left": 110.71139025688171,
      "trigger_price": null
    },
    {
      "ts": "2026-09-17T12:23:12.834017Z",
      "slug": "btc-updown-5m-1789647600",
      "status": "heartbeat",
      "gamma_up": 0.345,
      "gamma_down": 0.655,
      "clob_up_ask": 0.33,
      "clob_down_ask": 0.62,
      "seconds_left": 107.78167057037354,
      "min_spread": 0.010000000000000009
    },
    {
      "ts": "2026-09-17T12:23:12.834040Z",
      "slug": "btc-updown-5m-1789647600",
      "status": "skip_price_below_threshold",
      "threshold": 0.8,
      "max_ask": 0.85,
      "win_streak": 0,
      "clob_up_ask": 0.33,
      "clob_down_ask": 0.62,
      "seconds_left": 107.78167057037354,
      "trigger_price": null
    },
    {
      "ts": "2026-09-17T12:23:15.718325Z",
      "slug": "btc-updown-5m-1789647600",
      "status": "heartbeat",
      "gamma_up": 0.345,
      "gamma_down": 0.655,
      "clob_up_ask": 0.37,
      "clob_down_ask": 0.67,
      "seconds_left": 104.88808345794678,
      "min_spread": 0.010000000000000009
    },
    {
      "ts": "2026-09-17T12:23:15.718349Z",
      "slug": "btc-updown-5m-1789647600",
      "status": "skip_price_below_threshold",
      "threshold": 0.8,
      "max_ask": 0.85,
      "win_streak": 0,
      "clob_up_ask": 0.37,
      "clob_down_ask": 0.67,
      "seconds_left": 104.88808345794678,
      "trigger_price": null
    },
    {
      "ts": "2026-09-17T12:23:18.627545Z",
      "slug": "btc-updown-5m-1789647600",
      "status": "heartbeat",
      "gamma_up": 0.345,
      "gamma_down": 0.655,
      "clob_up_ask": 0.26,
      "clob_down_ask": 0.76,
      "seconds_left": 101.99515438079834,
      "min_spread": 0.010000000000000009
    },
    {
      "ts": "2026-09-17T12:23:18.627561Z",
      "slug": "btc-updown-5m-1789647600",
      "status": "skip_price_below_threshold",
      "threshold": 0.8,
      "max_ask": 0.85,
      "win_streak": 0,
      "clob_up_ask": 0.26,
      "clob_down_ask": 0.76,
      "seconds_left": 101.99515438079834,
      "trigger_price": null
    },
    {
      "ts": "2026-09-17T12:23:21.531450Z",
      "slug": "btc-updown-5m-1789647600",
      "status": "heartbeat",
      "gamma_up": 0.345,
      "gamma_down": 0.655,
      "clob_up_ask": 0.21,
      "clob_down_ask": 0.79,
      "seconds_left": 99.056960105896,
      "min_spread": 0.009999999999999981
    },
    {
      "ts": "2026-09-17T12:23:21.531559Z",
      "slug": "btc-updown-5m-1789647600",
      "status": "skip_price_below_threshold",
      "threshold": 0.8,
      "max_ask": 0.85,
      "win_streak": 0,
      "clob_up_ask": 0.21,
      "clob_down_ask": 0.79,
      "seconds_left": 99.056960105896,
      "trigger_price": null
    },
    {
      "ts": "2026-09-17T12:23:24.419164Z",
      "slug": "btc-updown-5m-1789647600",
      "status": "heartbeat",
      "gamma_up": 0.345,
      "gamma_down": 0.655,
      "clob_up_ask": 0.35,
      "clob_down_ask": 0.65,
      "seconds_left": 96.19977021217346,
      "min_spread": 0.009999999999999953
    },
    {
      "ts": "2026-09-17T12:23:24.419196Z",
      "slug": "btc-updown-5m-1789647600",
      "status": "skip_price_below_threshold",
      "threshold": 0.8,
      "max_ask": 0.85,
      "win_streak": 0,
      "clob_up_ask": 0.35,
      "clob_down_ask": 0.65,
      "seconds_left": 96.19977021217346,
      "trigger_price": null
    },
    {
      "ts": "2026-09-17T12:23:27.362561Z",
      "slug": "btc-updown-5m-1789647600",
      "status": "heartbeat",
      "gamma_up": 0.345,
      "gamma_down": 0.655,
      "clob_up_ask": 0.48,
      "clob_down_ask": 0.55,
      "seconds_left": 93.29622960090637,
      "min_spread": 0.010000000000000009
    },
    {
      "ts": "2026-09-17T12:23:27.362584Z",
      "slug": "btc-updown-5m-1789647600",
      "status": "skip_price_below_threshold",
      "threshold": 0.8,
      "max_ask": 0.85,
      "win_streak": 0,
      "clob_up_ask": 0.48,
      "clob_down_ask": 0.55,
      "seconds_left": 93.29622960090637,
      "trigger_price": null
    },
    {
      "ts": "2026-09-17T12:23:30.249721Z",
      "slug": "btc-updown-5m-1789647600",
      "status": "heartbeat",
      "gamma_up": 0.345,
      "gamma_down": 0.655,
      "clob_up_ask": 0.48,
      "clob_down_ask": 0.54,
      "seconds_left": 90.35065698623657,
      "min_spread": 0.010000000000000009
    },
    {
      "ts": "2026-09-17T12:23:30.249742Z",
      "slug": "btc-updown-5m-1789647600",
      "status": "skip_price_below_threshold",
      "threshold": 0.8,
      "max_ask": 0.85,
      "win_streak": 0,
      "clob_up_ask": 0.48,
      "clob_down_ask": 0.54,
      "seconds_left": 90.35065698623657,
      "trigger_price": null
    },
    {
      "ts": "2026-09-17T12:23:33.141586Z",
      "slug": "btc-updown-5m-1789647600",
      "status": "heartbeat",
      "gamma_up": 0.345,
      "gamma_down": 0.655,
      "clob_up_ask": 0.49,
      "clob_down_ask": 0.53,
      "seconds_left": 87.4653115272522,
      "min_spread": 0.010000000000000009
    },
    {
      "ts": "2026-09-17T12:23:33.141607Z",
      "slug": "btc-updown-5m-1789647600",
      "status": "skip_price_below_threshold",
      "threshold": 0.8,
      "max_ask": 0.85,
      "win_streak": 0,
      "clob_up_ask": 0.49,
      "clob_down_ask": 0.53,
      "seconds_left": 87.4653115272522,
      "trigger_price": null
    },
    {
      "ts": "2026-09-17T12:23:36.026804Z",
      "slug": "btc-updown-5m-1789647600",
      "status": "heartbeat",
      "gamma_up": 0.345,
      "gamma_down": 0.655,
      "clob_up_ask": 0.2,
      "clob_down_ask": 0.76,
      "seconds_left": 84.56333827972412,
      "min_spread": 0.010000000000000009
    },
    {
      "ts": "2026-09-17T12:23:36.026839Z",
      "slug": "btc-updown-5m-1789647600",
      "status": "skip_price_below_threshold",
      "threshold": 0.8,
      "max_ask": 0.85,
      "win_streak": 0,
      "clob_up_ask": 0.2,
      "clob_down_ask": 0.76,
      "seconds_left": 84.56333827972412,
      "trigger_price": null
    },
    {
      "ts": "2026-09-17T12:23:42.562734Z",
      "slug": "btc-updown-5m-1789647600",
      "status": "heartbeat",
      "gamma_up": 0.345,
      "gamma_down": 0.655,
      "clob_up_ask": 0.28,
      "clob_down_ask": 0.75,
      "seconds_left": 78.03382778167725,
      "min_spread": 0.010000000000000009
    },
    {
      "ts": "2026-09-17T12:23:42.562756Z",
      "slug": "btc-updown-5m-1789647600",
      "status": "skip_price_below_threshold",
      "threshold": 0.8,
      "max_ask": 0.85,
      "win_streak": 0,
      "clob_up_ask": 0.28,
      "clob_down_ask": 0.75,
      "seconds_left": 78.03382778167725,
      "trigger_price": null
    },
    {
      "ts": "2026-09-17T12:23:45.490234Z",
      "slug": "btc-updown-5m-1789647600",
      "status": "heartbeat",
      "gamma_up": 0.345,
      "gamma_down": 0.655,
      "clob_up_ask": 0.23,
      "clob_down_ask": 0.79,
      "seconds_left": 75.13072562217712,
      "min_spread": 0.010000000000000009
    },
    {
      "ts": "2026-09-17T12:23:45.490256Z",
      "slug": "btc-updown-5m-1789647600",
      "status": "skip_price_below_threshold",
      "threshold": 0.8,
      "max_ask": 0.85,
      "win_streak": 0,
      "clob_up_ask": 0.23,
      "clob_down_ask": 0.79,
      "seconds_left": 75.13072562217712,
      "trigger_price": null
    },
    {
      "ts": "2026-09-17T12:23:48.373600Z",
      "slug": "btc-updown-5m-1789647600",
      "status": "heartbeat",
      "gamma_up": 0.345,
      "gamma_down": 0.655,
      "clob_up_ask": 0.38,
      "clob_down_ask": 0.65,
      "seconds_left": 72.22142696380615,
      "min_spread": 0.010000000000000009
    },
    {
      "ts": "2026-09-17T12:23:48.373628Z",
      "slug": "btc-updown-5m-1789647600",
      "status": "skip_price_below_threshold",
      "threshold": 0.8,
      "max_ask": 0.85,
      "win_streak": 0,
      "clob_up_ask": 0.38,
      "clob_down_ask": 0.65,
      "seconds_left": 72.22142696380615,
      "trigger_price": null
    },
    {
      "ts": "2026-09-17T12:23:51.325140Z",
      "slug": "btc-updown-5m-1789647600",
      "status": "heartbeat",
      "gamma_up": 0.345,
      "gamma_down": 0.655,
      "clob_up_ask": 0.27,
      "clob_down_ask": 0.74,
      "seconds_left": 69.30905985832214,
      "min_spread": 0.010000000000000009
    },
    {
      "ts": "2026-09-17T12:23:51.325158Z",
      "slug": "btc-updown-5m-1789647600",
      "status": "skip_price_below_threshold",
      "threshold": 0.8,
      "max_ask": 0.85,
      "win_streak": 0,
      "clob_up_ask": 0.27,
      "clob_down_ask": 0.74,
      "seconds_left": 69.30905985832214,
      "trigger_price": null
    },
    {
      "ts": "2026-09-17T12:23:54.378302Z",
      "slug": "btc-updown-5m-1789647600",
      "status": "heartbeat",
      "gamma_up": 0.345,
      "gamma_down": 0.655,
      "clob_up_ask": 0.21,
      "clob_down_ask": 0.82,
      "seconds_left": 66.36927556991577,
      "min_spread": 0.009999999999999898
    }
  ],
  "open_raw": "{\"mode\": \"open\", \"execute\": true, \"market_slug\": \"btc-updown-5m-1789647600\", \"force_side\": \"DOWN\", \"token_id\": \"35393851345768535843336645427381647632714380684081592310117798712010886054671\", \"entry_price\": 0.86, \"notional_usd\": 40.0, \"top_ask_notional_usd\": 145.0992, \"collateral_pusd\": 428.624973, \"order_post_result\": {\"errorMsg\": \"\", \"orderID\": \"0xf388dba1650626651c2aaac5d6648535fcacdcd277ab3e840756ce886169403e\", \"takingAmount\": \"50.632909\", \"makingAmount\": \"39.999998\", \"status\": \"matched\", \"transactionsHashes\": [\"0x8f7f857eb67a59b58eef0fce64f3fc11009ebe6531da995d579d3b114e610ba7\"], \"success\": true}}\n\n[py_clob_client_v2] request error status=400 url=https://clob.polymarket.com/auth/api-key body={\"error\":\"Could not create api key\"}\n\n",
  "opened": {
    "opened_at": "2026-09-17T12:23:59.187678Z",
    "market_slug": "btc-updown-5m-1789647600",
    "market_end_iso": "2026-09-17T12:25:00Z",
    "side": "DOWN",
    "token_id": "35393851345768535843336645427381647632714380684081592310117798712010886054671",
    "entry_price": 0.86,
    "shares": 50.632909,
    "cost_usdc": 39.999998,
    "open_order_id": "0xf388dba1650626651c2aaac5d6648535fcacdcd277ab3e840756ce886169403e",
    "open_tx": "0x8f7f857eb67a59b58eef0fce64f3fc11009ebe6531da995d579d3b114e610ba7"
  },
  "stop_loss_price": 0.08599999999999998,
  "last_side_price": 0.655,
  "last_clob_bid": 0.59,
  "last_check_at": "2026-09-17T12:24:39.995989Z",
  "close_debug": [
    {
      "ts": "2026-09-17T12:24:46.876487Z",
      "attempt": 1,
      "order_type": "FAK",
      "status": "matched",
      "close_skipped": ""
    }
  ],
  "close_raw": "{\"mode\": \"close\", \"execute\": true, \"market_slug\": \"btc-updown-5m-1789647600\", \"token_id\": \"35393851345768535843336645427381647632714380684081592310117798712010886054671\", \"requested_shares\": 50.632909, \"close_order_type\": \"FAK\", \"close_limit_price\": null, \"available_shares\": 50.632909, \"sell_shares\": 50.6329, \"order_post_result\": {\"errorMsg\": \"\", \"orderID\": \"0x06d91aaeb9b3af4c31c5c44a5a42fa5371bd7b95e5195226a5a331a3765f39ae\", \"takingAmount\": \"13.1638\", \"makingAmount\": \"50.63\", \"status\": \"matched\", \"transactionsHashes\": [\"0xf727cc54d3d5b799a3e921acb41dd2d6e916b61cce5b122f4a9611644767c87b\"], \"success\": true}, \"close_skipped\": \"\"}\n\n[py_clob_client_v2] request error status=400 url=https://clob.polymarket.com/auth/api-key body={\"error\":\"Could not create api key\"}\n\n",
  "closed": {
    "close_reason": "time_exit_20s_before_end",
    "closed_at": "2026-09-17T12:24:46.876597Z",
    "close_success": true,
    "close_status": "matched",
    "close_order_id": "0x06d91aaeb9b3af4c31c5c44a5a42fa5371bd7b95e5195226a5a331a3765f39ae",
    "close_tx": "0xf727cc54d3d5b799a3e921acb41dd2d6e916b61cce5b122f4a9611644767c87b",
    "close_shares": 50.63,
    "close_usdc": 13.1638,
    "close_skipped": ""
  },
  "realized_cashflow_pnl_usdc": -26.836198,
  "finished_at": "2026-09-17T12:24:46.876622Z",
  "result": "done"
}
[2026-09-17T12:24:46Z] session_end rc=0 sessions=1 stake_usd=40
journal_ok trades=185 md=/home/yukeen/polymarketbot/5min-btc-polymarket/data/live_trades.md json=/home/yukeen/polymarketbot/5min-btc-polymarket/data/live_trades.json
[2026-09-17T12:26:11Z] fills=1/1 sessions=1/36
[2026-09-17T12:26:11Z] stop_max_fills=1
[2026-09-17T12:26:11Z] loop_exit
