[py_clob_client_v2] request error status=400 url=https://clob.polymarket.com/auth/api-key body={"error":"Could not create api key"}

[py_clob_client_v2] request error status=400 url=https://clob.polymarket.com/auth/api-key body={"error":"Could not create api key"}

026-09-17T11:30:53.252117Z",
  "params": {
    "profile": "conservative",
    "threshold": 0.7,
    "stake_usd": 5.0,
    "stop_loss_pct": 0.9,
    "exit_before_sec": 20,
    "min_entry_seconds_left": 60,
    "entry_timeout_min": 12,
    "poll_sec": 2.0,
    "max_ask": 0.85,
    "expensive_ask": 0.8,
    "expensive_after_wins": 3,
    "clob_cut_bid": 0.4,
    "close_retry_max": 30,
    "close_retry_delay_sec": 2.0,
    "execute": true,
    "win_streak": 2
  },
  "attempts": [
    {
      "ts": "2026-09-17T11:30:54.486627Z",
      "slug": "btc-updown-5m-1789644600",
      "status": "heartbeat",
      "gamma_up": 0.505,
      "gamma_down": 0.495,
      "clob_up_ask": 0.21,
      "clob_down_ask": 0.8,
      "seconds_left": 246.31691217422485,
      "min_spread": 0.009999999999999981
    }
  ],
  "open_raw": "{\"mode\": \"open\", \"execute\": true, \"market_slug\": \"btc-updown-5m-1789644600\", \"force_side\": \"DOWN\", \"token_id\": \"36381582340854518178233943186898799943797436646852435420942904322656018137596\", \"entry_price\": 0.8, \"notional_usd\": 5.0, \"top_ask_notional_usd\": 98.2, \"collateral_pusd\": 433.932326, \"order_post_result\": {\"errorMsg\": \"\", \"orderID\": \"0xae2e82598c3988bfa8d3fc605220e640367101bf1b1935741dd6fbf4913b3b8c\", \"takingAmount\": \"5.882353\", \"makingAmount\": \"5\", \"status\": \"matched\", \"transactionsHashes\": [\"0xe78c54d6e2bb9ab851fb769c9eabc6db9dfc488f48f3148c8a35ec92c78b8d98\"], \"success\": true}}\n\n[py_clob_client_v2] request error status=400 url=https://clob.polymarket.com/auth/api-key body={\"error\":\"Could not create api key\"}\n\n",
  "opened": {
    "opened_at": "2026-09-17T11:31:02.862228Z",
    "market_slug": "btc-updown-5m-1789644600",
    "market_end_iso": "2026-09-17T11:35:00Z",
    "side": "DOWN",
    "token_id": "36381582340854518178233943186898799943797436646852435420942904322656018137596",
    "entry_price": 0.8,
    "shares": 5.882353,
    "cost_usdc": 5.0,
    "open_order_id": "0xae2e82598c3988bfa8d3fc605220e640367101bf1b1935741dd6fbf4913b3b8c",
    "open_tx": "0xe78c54d6e2bb9ab851fb769c9eabc6db9dfc488f48f3148c8a35ec92c78b8d98"
  },
  "stop_loss_price": 0.07999999999999999,
  "last_side_price": 0.845,
  "last_clob_bid": 0.999,
  "last_check_at": "2026-09-17T11:34:40.463045Z",
  "closed": {
    "close_reason": "hold_to_settlement_winning_book",
    "closed_at": "2026-09-17T11:34:42.763829Z",
    "close_success": false,
    "close_status": "held",
    "close_order_id": null,
    "close_tx": null,
    "close_shares": 0.0,
    "close_usdc": 0.0,
    "close_skipped": "hold_to_settlement"
  },
  "realized_cashflow_pnl_usdc": null,
  "finished_at": "2026-09-17T11:34:42.763879Z",
  "result": "done"
}
[2026-09-17T11:34:42Z] session_end rc=0 sessions=1 stake_usd=5
journal_ok trades=180 md=/home/yukeen/polymarketbot/5min-btc-polymarket/data/live_trades.md json=/home/yukeen/polymarketbot/5min-btc-polymarket/data/live_trades.json
[2026-09-17T11:36:04Z] fills=1/3 sessions=1/36
[2026-09-17T11:36:34Z] cash=428.879826
[py_clob_client_v2] request error status=400 url=https://clob.polymarket.com/auth/api-key body={"error":"Could not create api key"}

[2026-09-17T11:36:51Z] cash_retry=434.762179
[2026-09-17T11:36:59Z] session_begin sessions=1 fills=1 stake_usd=5
[py_clob_client_v2] request error status=400 url=https://clob.polymarket.com/auth/api-key body={"error":"Could not create api key"}

{
  "started_at": "2026-09-17T11:37:00.231034Z",
  "params": {
    "profile": "conservative",
    "threshold": 0.7,
    "stake_usd": 5.0,
    "stop_loss_pct": 0.9,
    "exit_before_sec": 20,
    "min_entry_seconds_left": 60,
    "entry_timeout_min": 12,
    "poll_sec": 2.0,
    "max_ask": 0.85,
    "expensive_ask": 0.8,
    "expensive_after_wins": 3,
    "clob_cut_bid": 0.4,
    "close_retry_max": 30,
    "close_retry_delay_sec": 2.0,
    "execute": true,
    "win_streak": 3
  },
  "attempts": [
    {
      "ts": "2026-09-17T11:37:04.982984Z",
      "slug": "btc-updown-5m-1789644900",
      "status": "heartbeat",
      "gamma_up": 0.185,
      "gamma_down": 0.815,
      "clob_up_ask": 0.12,
      "clob_down_ask": 0.89,
      "seconds_left": 175.88933181762695,
      "min_spread": 0.009999999999999995
    },
    {
      "ts": "2026-09-17T11:37:04.983022Z",
      "slug": "btc-updown-5m-1789644900",
      "status": "skip_ask_too_expensive",
      "threshold": 0.7,
      "max_ask": 0.85,
      "win_streak": 3,
      "clob_up_ask": 0.12,
      "clob_down_ask": 0.89,
      "seconds_left": 175.88933181762695,
      "trigger_price": 0.89
    },
    {
      "ts": "2026-09-17T11:37:07.904637Z",
      "slug": "btc-updown-5m-1789644900",
      "status": "heartbeat",
      "gamma_up": 0.185,
      "gamma_down": 0.815,
      "clob_up_ask": 0.11,
      "clob_down_ask": 0.89,
      "seconds_left": 172.70417952537537,
      "min_spread": 0.009999999999999995
    },
    {
      "ts": "2026-09-17T11:37:07.904674Z",
      "slug": "btc-updown-5m-1789644900",
      "status": "skip_ask_too_expensive",
      "threshold": 0.7,
      "max_ask": 0.85,
      "win_streak": 3,
      "clob_up_ask": 0.11,
      "clob_down_ask": 0.89,
      "seconds_left": 172.70417952537537,
      "trigger_price": 0.89
    },
    {
      "ts": "2026-09-17T11:37:10.792247Z",
      "slug": "btc-updown-5m-1789644900",
      "status": "heartbeat",
      "gamma_up": 0.185,
      "gamma_down": 0.815,
      "clob_up_ask": 0.12,
      "clob_down_ask": 0.89,
      "seconds_left": 169.80148220062256,
      "min_spread": 0.009999999999999995
    },
    {
      "ts": "2026-09-17T11:37:10.792264Z",
      "slug": "btc-updown-5m-1789644900",
      "status": "skip_ask_too_expensive",
      "threshold": 0.7,
      "max_ask": 0.85,
      "win_streak": 3,
      "clob_up_ask": 0.12,
      "clob_down_ask": 0.89,
      "seconds_left": 169.80148220062256,
      "trigger_price": 0.89
    },
    {
      "ts": "2026-09-17T11:37:13.696881Z",
      "slug": "btc-updown-5m-1789644900",
      "status": "heartbeat",
      "gamma_up": 0.185,
      "gamma_down": 0.815,
      "clob_up_ask": 0.11,
      "clob_down_ask": 0.87,
      "seconds_left": 166.91935062408447,
      "min_spread": 0.009999999999999995
    },
    {
      "ts": "2026-09-17T11:37:13.696910Z",
      "slug": "btc-updown-5m-1789644900",
      "status": "skip_ask_too_expensive",
      "threshold": 0.7,
      "max_ask": 0.85,
      "win_streak": 3,
      "clob_up_ask": 0.11,
      "clob_down_ask": 0.87,
      "seconds_left": 166.91935062408447,
      "trigger_price": 0.87
    },
    {
      "ts": "2026-09-17T11:37:16.578679Z",
      "slug": "btc-updown-5m-1789644900",
      "status": "heartbeat",
      "gamma_up": 0.185,
      "gamma_down": 0.815,
      "clob_up_ask": 0.13,
      "clob_down_ask": 0.88,
      "seconds_left": 164.02260375022888,
      "min_spread": 0.010000000000000009
    },
    {
      "ts": "2026-09-17T11:37:16.578711Z",
      "slug": "btc-updown-5m-1789644900",
      "status": "skip_ask_too_expensive",
      "threshold": 0.7,
      "max_ask": 0.85,
      "win_streak": 3,
      "clob_up_ask": 0.13,
      "clob_down_ask": 0.88,
      "seconds_left": 164.02260375022888,
      "trigger_price": 0.88
    },
    {
      "ts": "2026-09-17T11:37:19.534411Z",
      "slug": "btc-updown-5m-1789644900",
      "status": "heartbeat",
      "gamma_up": 0.185,
      "gamma_down": 0.815,
      "clob_up_ask": 0.13,
      "clob_down_ask": 0.88,
      "seconds_left": 161.08093810081482,
      "min_spread": 0.010000000000000009
    },
    {
      "ts": "2026-09-17T11:37:19.534446Z",
      "slug": "btc-updown-5m-1789644900",
      "status": "skip_ask_too_expensive",
      "threshold": 0.7,
      "max_ask": 0.85,
      "win_streak": 3,
      "clob_up_ask": 0.13,
      "clob_down_ask": 0.88,
      "seconds_left": 161.08093810081482,
      "trigger_price": 0.88
    },
    {
      "ts": "2026-09-17T11:37:22.404110Z",
      "slug": "btc-updown-5m-1789644900",
      "status": "heartbeat",
      "gamma_up": 0.185,
      "gamma_down": 0.815,
      "clob_up_ask": 0.14,
      "clob_down_ask": 0.87,
      "seconds_left": 158.1895296573639,
      "min_spread": 0.010000000000000009
    },
    {
      "ts": "2026-09-17T11:37:22.404140Z",
      "slug": "btc-updown-5m-1789644900",
      "status": "skip_ask_too_expensive",
      "threshold": 0.7,
      "max_ask": 0.85,
      "win_streak": 3,
      "clob_up_ask": 0.14,
      "clob_down_ask": 0.87,
      "seconds_left": 158.1895296573639,
      "trigger_price": 0.87
    },
    {
      "ts": "2026-09-17T11:37:25.389771Z",
      "slug": "btc-updown-5m-1789644900",
      "status": "heartbeat",
      "gamma_up": 0.185,
      "gamma_down": 0.815,
      "clob_up_ask": 0.12,
      "clob_down_ask": 0.89,
      "seconds_left": 155.30156660079956,
      "min_spread": 0.009999999999999995
    },
    {
      "ts": "2026-09-17T11:37:25.389788Z",
      "slug": "btc-updown-5m-1789644900",
      "status": "skip_ask_too_expensive",
      "threshold": 0.7,
      "max_ask": 0.85,
      "win_streak": 3,
      "clob_up_ask": 0.12,
      "clob_down_ask": 0.89,
      "seconds_left": 155.30156660079956,
      "trigger_price": 0.89
    },
    {
      "ts": "2026-09-17T11:37:28.317974Z",
      "slug": "btc-updown-5m-1789644900",
      "status": "heartbeat",
      "gamma_up": 0.185,
      "gamma_down": 0.815,
      "clob_up_ask": 0.1,
      "clob_down_ask": 0.92,
      "seconds_left": 152.3203535079956,
      "min_spread": 0.010000000000000009
    },
    {
      "ts": "2026-09-17T11:37:28.317997Z",
      "slug": "btc-updown-5m-1789644900",
      "status": "skip_ask_too_expensive",
      "threshold": 0.7,
      "max_ask": 0.85,
      "win_streak": 3,
      "clob_up_ask": 0.1,
      "clob_down_ask": 0.92,
      "seconds_left": 152.3203535079956,
      "trigger_price": 0.92
    },
    {
      "ts": "2026-09-17T11:37:31.198640Z",
      "slug": "btc-updown-5m-1789644900",
      "status": "heartbeat",
      "gamma_up": 0.185,
      "gamma_down": 0.815,
      "clob_up_ask": 0.08,
      "clob_down_ask": 0.93,
      "seconds_left": 149.3964660167694,
      "min_spread": 0.009999999999999995
    },
    {
      "ts": "2026-09-17T11:37:31.198662Z",
      "slug": "btc-updown-5m-1789644900",
      "status": "skip_ask_too_expensive",
      "threshold": 0.7,
      "max_ask": 0.85,
      "win_streak": 3,
      "clob_up_ask": 0.08,
      "clob_down_ask": 0.93,
      "seconds_left": 149.3964660167694,
      "trigger_price": 0.93
    },
    {
      "ts": "2026-09-17T11:37:34.222286Z",
      "slug": "btc-updown-5m-1789644900",
      "status": "heartbeat",
      "gamma_up": 0.185,
      "gamma_down": 0.815,
      "clob_up_ask": 0.06,
      "clob_down_ask": 0.95,
      "seconds_left": 146.4308454990387,
      "min_spread": 0.009999999999999995
    },
    {
      "ts": "2026-09-17T11:37:34.222316Z",
      "slug": "btc-updown-5m-1789644900",
      "status": "skip_ask_too_expensive",
      "threshold": 0.7,
      "max_ask": 0.85,
      "win_streak": 3,
      "clob_up_ask": 0.06,
      "clob_down_ask": 0.95,
      "seconds_left": 146.4308454990387,
      "trigger_price": 0.95
    },
    {
      "ts": "2026-09-17T11:37:40.717173Z",
      "slug": "btc-updown-5m-1789644900",
      "status": "heartbeat",
      "gamma_up": 0.185,
      "gamma_down": 0.815,
      "clob_up_ask": 0.04,
      "clob_down_ask": 0.97,
      "seconds_left": 139.88671135902405,
      "min_spread": 0.010000000000000002
    },
    {
      "ts": "2026-09-17T11:37:40.717202Z",
      "slug": "btc-updown-5m-1789644900",
      "status": "skip_ask_too_expensive",
      "threshold": 0.7,
      "max_ask": 0.85,
      "win_streak": 3,
      "clob_up_ask": 0.04,
      "clob_down_ask": 0.97,
      "seconds_left": 139.88671135902405,
      "trigger_price": 0.97
    },
    {
      "ts": "2026-09-17T11:37:43.680318Z",
      "slug": "btc-updown-5m-1789644900",
      "status": "heartbeat",
      "gamma_up": 0.185,
      "gamma_down": 0.815,
      "clob_up_ask": 0.05,
      "clob_down_ask": 0.96,
      "seconds_left": 136.99486923217773,
      "min_spread": 0.010000000000000002
    },
    {
      "ts": "2026-09-17T11:37:43.680341Z",
      "slug": "btc-updown-5m-1789644900",
      "status": "skip_ask_too_expensive",
      "threshold": 0.7,
      "max_ask": 0.85,
      "win_streak": 3,
      "clob_up_ask": 0.05,
      "clob_down_ask": 0.96,
      "seconds_left": 136.99486923217773,
      "trigger_price": 0.96
    },
    {
      "ts": "2026-09-17T11:37:46.573865Z",
      "slug": "btc-updown-5m-1789644900",
      "status": "heartbeat",
      "gamma_up": 0.185,
      "gamma_down": 0.815,
      "clob_up_ask": 0.05,
      "clob_down_ask": 0.97,
      "seconds_left": 134.0346441268921,
      "min_spread": 0.010000000000000002
    },
    {
      "ts": "2026-09-17T11:37:46.573900Z",
      "slug": "btc-updown-5m-1789644900",
      "status": "skip_ask_too_expensive",
      "threshold": 0.7,
      "max_ask": 0.85,
      "win_streak": 3,
      "clob_up_ask": 0.05,
      "clob_down_ask": 0.97,
      "seconds_left": 134.0346441268921,
      "trigger_price": 0.97
    },
    {
      "ts": "2026-09-17T11:37:49.465169Z",
      "slug": "btc-updown-5m-1789644900",
      "status": "heartbeat",
      "gamma_up": 0.185,
      "gamma_down": 0.815,
      "clob_up_ask": 0.04,
      "clob_down_ask": 0.97,
      "seconds_left": 131.13192176818848,
      "min_spread": 0.010000000000000002
    },
    {
      "ts": "2026-09-17T11:37:49.465199Z",
      "slug": "btc-updown-5m-1789644900",
      "status": "skip_ask_too_expensive",
      "threshold": 0.7,
      "max_ask": 0.85,
      "win_streak": 3,
      "clob_up_ask": 0.04,
      "clob_down_ask": 0.97,
      "seconds_left": 131.13192176818848,
      "trigger_price": 0.97
    },
    {
      "ts": "2026-09-17T11:37:52.349059Z",
      "slug": "btc-updown-5m-1789644900",
      "status": "heartbeat",
      "gamma_up": 0.185,
      "gamma_down": 0.815,
      "clob_up_ask": 0.04,
      "clob_down_ask": 0.97,
      "seconds_left": 128.249116897583,
      "min_spread": 0.010000000000000002
    },
    {
      "ts": "2026-09-17T11:37:52.349076Z",
      "slug": "btc-updown-5m-1789644900",
      "status": "skip_ask_too_expensive",
      "threshold": 0.7,
      "max_ask": 0.85,
      "win_streak": 3,
      "clob_up_ask": 0.04,
      "clob_down_ask": 0.97,
      "seconds_left": 128.249116897583,
      "trigger_price": 0.97
    },
    {
      "ts": "2026-09-17T11:37:55.345724Z",
      "slug": "btc-updown-5m-1789644900",
      "status": "heartbeat",
      "gamma_up": 0.185,
      "gamma_down": 0.815,
      "clob_up_ask": 0.03,
      "clob_down_ask": 0.98,
      "seconds_left": 125.25312924385071,
      "min_spread": 0.009999999999999998
    },
    {
      "ts": "2026-09-17T11:37:55.345743Z",
      "slug": "btc-updown-5m-1789644900",
      "status": "skip_ask_too_expensive",
      "threshold": 0.7,
      "max_ask": 0.85,
      "win_streak": 3,
      "clob_up_ask": 0.03,
      "clob_down_ask": 0.98,
      "seconds_left": 125.25312924385071,
      "trigger_price": 0.98
    },
    {
      "ts": "2026-09-17T11:37:58.264287Z",
      "slug": "btc-updown-5m-1789644900",
      "status": "heartbeat",
      "gamma_up": 0.185,
      "gamma_down": 0.815,
      "clob_up_ask": 0.03,
      "clob_down_ask": 0.98,
      "seconds_left": 122.35031652450562,
      "min_spread": 0.009999999999999998
    },
    {
      "ts": "2026-09-17T11:37:58.264315Z",
      "slug": "btc-updown-5m-1789644900",
      "status": "skip_ask_too_expensive",
      "threshold": 0.7,
      "max_ask": 0.85,
      "win_streak": 3,
      "clob_up_ask": 0.03,
      "clob_down_ask": 0.98,
      "seconds_left": 122.35031652450562,
      "trigger_price": 0.98
    },
    {
      "ts": "2026-09-17T11:38:01.165251Z",
      "slug": "btc-updown-5m-1789644900",
      "status": "heartbeat",
      "gamma_up": 0.185,
      "gamma_down": 0.815,
      "clob_up_ask": 0.03,
      "clob_down_ask": 0.98,
      "seconds_left": 119.44691061973572,
      "min_spread": 0.009999999999999998
    },
    {
      "ts": "2026-09-17T11:38:01.165294Z",
      "slug": "btc-updown-5m-1789644900",
      "status": "skip_ask_too_expensive",
      "threshold": 0.7,
      "max_ask": 0.85,
      "win_streak": 3,
      "clob_up_ask": 0.03,
      "clob_down_ask": 0.98,
      "seconds_left": 119.44691061973572,
      "trigger_price": 0.98
    },
    {
      "ts": "2026-09-17T11:38:04.044268Z",
      "slug": "btc-updown-5m-1789644900",
      "status": "heartbeat",
      "gamma_up": 0.185,
      "gamma_down": 0.815,
      "clob_up_ask": 0.02,
      "clob_down_ask": 0.99,
      "seconds_left": 116.54627466201782,
      "min_spread": 0.01
    },
    {
      "ts": "2026-09-17T11:38:04.044298Z",
      "slug": "btc-updown-5m-1789644900",
      "status": "skip_ask_too_expensive",
      "threshold": 0.7,
      "max_ask": 0.85,
      "win_streak": 3,
      "clob_up_ask": 0.02,
      "clob_down_ask": 0.99,
      "seconds_left": 116.54627466201782,
      "trigger_price": 0.99
    },
    {
      "ts": "2026-09-17T11:38:06.924119Z",
      "slug": "btc-updown-5m-1789644900",
      "status": "heartbeat",
      "gamma_up": 0.185,
      "gamma_down": 0.815,
      "clob_up_ask": 0.02,
      "clob_down_ask": 0.99,
      "seconds_left": 113.66577291488647,
      "min_spread": 0.01
    },
    {
      "ts": "2026-09-17T11:38:06.924150Z",
      "slug": "btc-updown-5m-1789644900",
      "status": "skip_ask_too_expensive",
      "threshold": 0.7,
      "max_ask": 0.85,
      "win_streak": 3,
      "clob_up_ask": 0.02,
      "clob_down_ask": 0.99,
      "seconds_left": 113.66577291488647,
      "trigger_price": 0.99
    },
    {
      "ts": "2026-09-17T11:38:09.803527Z",
      "slug": "btc-updown-5m-1789644900",
      "status": "heartbeat",
      "gamma_up": 0.185,
      "gamma_down": 0.815,
      "clob_up_ask": 0.02,
      "clob_down_ask": 0.99,
      "seconds_left": 110.81473112106323,
      "min_spread": 0.01
    },
    {
      "ts": "2026-09-17T11:38:09.803591Z",
      "slug": "btc-updown-5m-1789644900",
      "status": "skip_ask_too_expensive",
      "threshold": 0.7,
      "max_ask": 0.85,
      "win_streak": 3,
      "clob_up_ask": 0.02,
      "clob_down_ask": 0.99,
      "seconds_left": 110.81473112106323,
      "trigger_price": 0.99
    },
    {
      "ts": "2026-09-17T11:38:16.289294Z",
      "slug": "btc-updown-5m-1789644900",
      "status": "heartbeat",
      "gamma_up": 0.185,
      "gamma_down": 0.815,
      "clob_up_ask": 0.01,
      "clob_down_ask": null,
      "seconds_left": 107.90662741661072,
      "min_spread": null
    },
    {
      "ts": "2026-09-17T11:38:16.289319Z",
      "slug": "btc-updown-5m-1789644900",
      "status": "skip_price_below_threshold",
      "threshold": 0.7,
      "max_ask": 0.85,
      "win_streak": 3,
      "clob_up_ask": 0.01,
      "clob_down_ask": null,
      "seconds_left": 107.90662741661072,
      "trigger_price": null
    },
    {
      "ts": "2026-09-17T11:38:19.214664Z",
      "slug": "btc-updown-5m-1789644900",
      "status": "heartbeat",
      "gamma_up": 0.185,
      "gamma_down": 0.815,
      "clob_up_ask": 0.01,
      "clob_down_ask": null,
      "seconds_left": 101.37371277809143,
      "min_spread": null
    },
    {
      "ts": "2026-09-17T11:38:19.214693Z",
      "slug": "btc-updown-5m-1789644900",
      "status": "skip_price_below_threshold",
      "threshold": 0.7,
      "max_ask": 0.85,
      "win_streak": 3,
      "clob_up_ask": 0.01,
      "clob_down_ask": null,
      "seconds_left": 101.37371277809143,
      "trigger_price": null
    },
    {
      "ts": "2026-09-17T11:38:22.120152Z",
      "slug": "btc-updown-5m-1789644900",
      "status": "heartbeat",
      "gamma_up": 0.185,
      "gamma_down": 0.815,
      "clob_up_ask": 0.01,
      "clob_down_ask": null,
      "seconds_left": 98.47996473312378,
      "min_spread": null
    },
    {
      "ts": "2026-09-17T11:38:22.120182Z",
      "slug": "btc-updown-5m-1789644900",
      "status": "skip_price_below_threshold",
      "threshold": 0.7,
      "max_ask": 0.85,
      "win_streak": 3,
      "clob_up_ask": 0.01,
      "clob_down_ask": null,
      "seconds_left": 98.47996473312378,
      "trigger_price": null
    },
    {
      "ts": "2026-09-17T11:38:25.074691Z",
      "slug": "btc-updown-5m-1789644900",
      "status": "heartbeat",
      "gamma_up": 0.185,
      "gamma_down": 0.815,
      "clob_up_ask": 0.01,
      "clob_down_ask": null,
      "seconds_left": 95.58574771881104,
      "min_spread": null
    },
    {
      "ts": "2026-09-17T11:38:25.074705Z",
      "slug": "btc-updown-5m-1789644900",
      "status": "skip_price_below_threshold",
      "threshold": 0.7,
      "max_ask": 0.85,
      "win_streak": 3,
      "clob_up_ask": 0.01,
      "clob_down_ask": null,
      "seconds_left": 95.58574771881104,
      "trigger_price": null
    },
    {
      "ts": "2026-09-17T11:38:27.977258Z",
      "slug": "btc-updown-5m-1789644900",
      "status": "heartbeat",
      "gamma_up": 0.185,
      "gamma_down": 0.815,
      "clob_up_ask": 0.01,
      "clob_down_ask": null,
      "seconds_left": 92.628089427948,
      "min_spread": null
    },
    {
      "ts": "2026-09-17T11:38:27.977276Z",
      "slug": "btc-updown-5m-1789644900",
      "status": "skip_price_below_threshold",
      "threshold": 0.7,
      "max_ask": 0.85,
      "win_streak": 3,
      "clob_up_ask": 0.01,
      "clob_down_ask": null,
      "seconds_left": 92.628089427948,
      "trigger_price": null
    },
    {
      "ts": "2026-09-17T11:38:41.119738Z",
      "slug": "btc-updown-5m-1789644900",
      "status": "heartbeat",
      "gamma_up": 0.185,
      "gamma_down": 0.815,
      "clob_up_ask": 0.01,
      "clob_down_ask": null,
      "seconds_left": 79.73280262947083,
      "min_spread": null
    },
    {
      "ts": "2026-09-17T11:38:41.119765Z",
      "slug": "btc-updown-5m-1789644900",
      "status": "skip_price_below_threshold",
      "threshold": 0.7,
      "max_ask": 0.85,
      "win_streak": 3,
      "clob_up_ask": 0.01,
      "clob_down_ask": null,
      "seconds_left": 79.73280262947083,
      "trigger_price": null
    },
    {
      "ts": "2026-09-17T11:38:44.009821Z",
      "slug": "btc-updown-5m-1789644900",
      "status": "heartbeat",
      "gamma_up": 0.185,
      "gamma_down": 0.815,
      "clob_up_ask": 0.01,
      "clob_down_ask": null,
      "seconds_left": 76.60317254066467,
      "min_spread": null
    },
    {
      "ts": "2026-09-17T11:38:44.009844Z",
      "slug": "btc-updown-5m-1789644900",
      "status": "skip_price_below_threshold",
      "threshold": 0.7,
      "max_ask": 0.85,
      "win_streak": 3,
      "clob_up_ask": 0.01,
      "clob_down_ask": null,
      "seconds_left": 76.60317254066467,
      "trigger_price": null
    },
    {
      "ts": "2026-09-17T11:38:46.913302Z",
      "slug": "btc-updown-5m-1789644900",
      "status": "heartbeat",
      "gamma_up": 0.185,
      "gamma_down": 0.815,
      "clob_up_ask": 0.01,
      "clob_down_ask": null,
      "seconds_left": 73.68969321250916,
      "min_spread": null
    },
    {
      "ts": "2026-09-17T11:38:46.913327Z",
      "slug": "btc-updown-5m-1789644900",
      "status": "skip_price_below_threshold",
      "threshold": 0.7,
      "max_ask": 0.85,
      "win_streak": 3,
      "clob_up_ask": 0.01,
      "clob_down_ask": null,
      "seconds_left": 73.68969321250916,
      "trigger_price": null
    },
    {
      "ts": "2026-09-17T11:38:53.435607Z",
      "slug": "btc-updown-5m-1789644900",
      "status": "heartbeat",
      "gamma_up": 0.185,
      "gamma_down": 0.815,
      "clob_up_ask": 0.01,
      "clob_down_ask": null,
      "seconds_left": 67.16915988922119,
      "min_spread": null
    },
    {
      "ts": "2026-09-17T11:38:53.435630Z",
      "slug": "btc-updown-5m-1789644900",
      "status": "skip_price_below_threshold",
      "threshold": 0.7,
      "max_ask": 0.85,
      "win_streak": 3,
      "clob_up_ask": 0.01,
      "clob_down_ask": null,
      "seconds_left": 67.16915988922119,
      "trigger_price": null
    },
    {
      "ts": "2026-09-17T11:38:56.317592Z",
      "slug": "btc-updown-5m-1789644900",
      "status": "heartbeat",
      "gamma_up": 0.185,
      "gamma_down": 0.815,
      "clob_up_ask": 0.01,
      "clob_down_ask": null,
      "seconds_left": 64.2761902809143,
      "min_spread": null
    },
    {
      "ts": "2026-09-17T11:38:56.317609Z",
      "slug": "btc-updown-5m-1789644900",
      "status": "skip_price_below_threshold",
      "threshold": 0.7,
      "max_ask": 0.85,
      "win_streak": 3,
      "clob_up_ask": 0.01,
      "clob_down_ask": null,
      "seconds_left": 64.2761902809143,
      "trigger_price": null
    },
    {
      "ts": "2026-09-17T11:39:08.325094Z",
      "status": "heartbeat_no_current_market"
    },
    {
      "ts": "2026-09-17T11:39:10.724299Z",
      "slug": "btc-updown-5m-1789644900",
      "status": "skip_too_late_to_enter",
      "seconds_left": 49.275707483291626,
      "min_entry_seconds_left": 60
    },
    {
      "ts": "2026-09-17T11:39:13.015151Z",
      "slug": "btc-updown-5m-1789644900",
      "status": "skip_too_late_to_enter",
      "seconds_left": 46.98485445976257,
      "min_entry_seconds_left": 60
    },
    {
      "ts": "2026-09-17T11:39:15.286473Z",
      "slug": "btc-updown-5m-1789644900",
      "status": "skip_too_late_to_enter",
      "seconds_left": 44.71353101730347,
      "min_entry_seconds_left": 60
    },
    {
      "ts": "2026-09-17T11:39:17.567261Z",
      "slug": "btc-updown-5m-1789644900",
      "status": "skip_too_late_to_enter",
      "seconds_left": 42.43274474143982,
      "min_entry_seconds_left": 60
    },
    {
      "ts": "2026-09-17T11:39:19.851131Z",
      "slug": "btc-updown-5m-1789644900",
      "status": "skip_too_late_to_enter",
      "seconds_left": 40.148874282836914,
      "min_entry_seconds_left": 60
    },
    {
      "ts": "2026-09-17T11:39:22.136880Z",
      "slug": "btc-updown-5m-1789644900",
      "status": "skip_too_late_to_enter",
      "seconds_left": 37.86312556266785,
      "min_entry_seconds_left": 60
    },
    {
      "ts": "2026-09-17T11:39:24.450504Z",
      "slug": "btc-updown-5m-1789644900",
      "status": "skip_too_late_to_enter",
      "seconds_left": 35.54950165748596,
      "min_entry_seconds_left": 60
    },
    {
      "ts": "2026-09-17T11:39:30.347998Z",
      "slug": "btc-updown-5m-1789644900",
      "status": "skip_too_late_to_enter",
      "seconds_left": 29.65200638771057,
      "min_entry_seconds_left": 60
    },
    {
      "ts": "2026-09-17T11:39:32.660880Z",
      "slug": "btc-updown-5m-1789644900",
      "status": "skip_too_late_to_enter",
      "seconds_left": 27.339122772216797,
      "min_entry_seconds_left": 60
    },
    {
      "ts": "2026-09-17T11:39:34.937726Z",
      "slug": "btc-updown-5m-1789644900",
      "status": "skip_too_late_to_enter",
      "seconds_left": 25.062276363372803,
      "min_entry_seconds_left": 60
    },
    {
      "ts": "2026-09-17T11:39:37.214082Z",
      "slug": "btc-updown-5m-1789644900",
      "status": "skip_too_late_to_enter",
      "seconds_left": 22.785924196243286,
      "min_entry_seconds_left": 60
    },
    {
      "ts": "2026-09-17T11:39:39.489341Z",
      "slug": "btc-updown-5m-1789644900",
      "status": "skip_too_late_to_enter",
      "seconds_left": 20.51066493988037,
      "min_entry_seconds_left": 60
    },
    {
      "ts": "2026-09-17T11:39:41.774635Z",
      "slug": "btc-updown-5m-1789644900",
      "status": "skip_too_late_to_enter",
      "seconds_left": 18.225369930267334,
      "min_entry_seconds_left": 60
    },
    {
      "ts": "2026-09-17T11:39:44.049006Z",
      "slug": "btc-updown-5m-1789644900",
      "status": "skip_too_late_to_enter",
      "seconds_left": 15.950999736785889,
      "min_entry_seconds_left": 60
    },
    {
      "ts": "2026-09-17T11:39:46.324280Z",
      "slug": "btc-updown-5m-1789644900",
      "status": "skip_too_late_to_enter",
      "seconds_left": 13.675725221633911,
      "min_entry_seconds_left": 60
    },
    {
      "ts": "2026-09-17T11:39:48.688796Z",
      "slug": "btc-updown-5m-1789644900",
      "status": "skip_too_late_to_enter",
      "seconds_left": 11.311208724975586,
      "min_entry_seconds_left": 60
    },
    {
      "ts": "2026-09-17T11:39:51.010132Z",
      "slug": "btc-updown-5m-1789644900",
      "status": "skip_too_late_to_enter",
      "seconds_left": 8.989888191223145,
      "min_entry_seconds_left": 60
    },
    {
      "ts": "2026-09-17T11:39:53.284914Z",
      "slug": "btc-updown-5m-1789644900",
      "status": "skip_too_late_to_enter",
      "seconds_left": 6.715091943740845,
      "min_entry_seconds_left": 60
    },
    {
      "ts": "2026-09-17T11:39:55.563768Z",
      "status": "heartbeat_no_current_market"
    },
    {
      "ts": "2026-09-17T11:39:57.921902Z",
      "status": "heartbeat_no_current_market"
    },
    {
      "ts": "2026-09-17T11:40:00.214872Z",
      "status": "heartbeat_no_current_market"
    },
    {
      "ts": "2026-09-17T11:40:06.953396Z",
      "slug": "btc-updown-5m-1789645200",
      "status": "heartbeat",
      "gamma_up": 0.505,
      "gamma_down": 0.495,
      "clob_up_ask": 0.38,
      "clob_down_ask": 0.63,
      "seconds_left": 293.7810640335083,
      "min_spread": 0.010000000000000009
    },
    {
      "ts": "2026-09-17T11:40:06.953423Z",
      "slug": "btc-updown-5m-1789645200",
      "status": "skip_price_below_threshold",
      "threshold": 0.7,
      "max_ask": 0.85,
      "win_streak": 3,
      "clob_up_ask": 0.38,
      "clob_down_ask": 0.63,
      "seconds_left": 293.7810640335083,
      "trigger_price": null
    },
    {
      "ts": "2026-09-17T11:40:09.930845Z",
      "slug": "btc-updown-5m-1789645200",
      "status": "heartbeat",
      "gamma_up": 0.505,
      "gamma_down": 0.495,
      "clob_up_ask": 0.4,
      "clob_down_ask": 0.61,
      "seconds_left": 290.70512437820435,
      "min_spread": 0.010000000000000009
    },
    {
      "ts": "2026-09-17T11:40:09.930868Z",
      "slug": "btc-updown-5m-1789645200",
      "status": "skip_price_below_threshold",
      "threshold": 0.7,
      "max_ask": 0.85,
      "win_streak": 3,
      "clob_up_ask": 0.4,
      "clob_down_ask": 0.61,
      "seconds_left": 290.70512437820435,
      "trigger_price": null
    },
    {
      "ts": "2026-09-17T11:40:12.827503Z",
      "slug": "btc-updown-5m-1789645200",
      "status": "heartbeat",
      "gamma_up": 0.505,
      "gamma_down": 0.495,
      "clob_up_ask": 0.42,
      "clob_down_ask": 0.59,
      "seconds_left": 287.77546525001526,
      "min_spread": 0.010000000000000009
    },
    {
      "ts": "2026-09-17T11:40:12.827527Z",
      "slug": "btc-updown-5m-1789645200",
      "status": "skip_price_below_threshold",
      "threshold": 0.7,
      "max_ask": 0.85,
      "win_streak": 3,
      "clob_up_ask": 0.42,
      "clob_down_ask": 0.59,
      "seconds_left": 287.77546525001526,
      "trigger_price": null
    },
    {
      "ts": "2026-09-17T11:40:15.743553Z",
      "slug": "btc-updown-5m-1789645200",
      "status": "heartbeat",
      "gamma_up": 0.505,
      "gamma_down": 0.495,
      "clob_up_ask": 0.4,
      "clob_down_ask": 0.61,
      "seconds_left": 284.8959150314331,
      "min_spread": 0.010000000000000009
    },
    {
      "ts": "2026-09-17T11:40:15.743587Z",
      "slug": "btc-updown-5m-1789645200",
      "status": "skip_price_below_threshold",
      "threshold": 0.7,
      "max_ask": 0.85,
      "win_streak": 3,
      "clob_up_ask": 0.4,
      "clob_down_ask": 0.61,
      "seconds_left": 284.8959150314331,
      "trigger_price": null
    },
    {
      "ts": "2026-09-17T11:40:18.701594Z",
      "slug": "btc-updown-5m-1789645200",
      "status": "heartbeat",
      "gamma_up": 0.505,
      "gamma_down": 0.495,
      "clob_up_ask": 0.4,
      "clob_down_ask": 0.61,
      "seconds_left": 281.91377091407776,
      "min_spread": 0.010000000000000009
    },
    {
      "ts": "2026-09-17T11:40:18.701620Z",
      "slug": "btc-updown-5m-1789645200",
      "status": "skip_price_below_threshold",
      "threshold": 0.7,
      "max_ask": 0.85,
      "win_streak": 3,
      "clob_up_ask": 0.4,
      "clob_down_ask": 0.61,
      "seconds_left": 281.91377091407776,
      "trigger_price": null
    },
    {
      "ts": "2026-09-17T11:40:21.590896Z",
      "slug": "btc-updown-5m-1789645200",
      "status": "heartbeat",
      "gamma_up": 0.505,
      "gamma_down": 0.495,
      "clob_up_ask": 0.31,
      "clob_down_ask": 0.7,
      "seconds_left": 279.00965332984924,
      "min_spread": 0.010000000000000009
    },
    {
      "ts": "2026-09-17T11:40:43.062771Z",
      "slug": "btc-updown-5m-1789645200",
      "status": "heartbeat",
      "gamma_up": 0.505,
      "gamma_down": 0.495,
      "clob_up_ask": 0.21,
      "clob_down_ask": 0.8,
      "seconds_left": 257.6562719345093,
      "min_spread": 0.009999999999999981
    },
    {
      "ts": "2026-09-17T11:40:43.062807Z",
      "slug": "btc-updown-5m-1789645200",
      "status": "skip_expensive_after_wins",
      "threshold": 0.7,
      "max_ask": 0.85,
      "win_streak": 3,
      "clob_up_ask": 0.21,
      "clob_down_ask": 0.8,
      "seconds_left": 257.6562719345093,
      "trigger_price": 0.8
    },
    {
      "ts": "2026-09-17T11:40:45.964472Z",
      "slug": "btc-updown-5m-1789645200",
      "status": "heartbeat",
      "gamma_up": 0.505,
      "gamma_down": 0.495,
      "clob_up_ask": 0.21,
      "clob_down_ask": 0.8,
      "seconds_left": 254.65880727767944,
      "min_spread": 0.009999999999999981
    },
    {
      "ts": "2026-09-17T11:40:45.964504Z",
      "slug": "btc-updown-5m-1789645200",
      "status": "skip_expensive_after_wins",
      "threshold": 0.7,
      "max_ask": 0.85,
      "win_streak": 3,
      "clob_up_ask": 0.21,
      "clob_down_ask": 0.8,
      "seconds_left": 254.65880727767944,
      "trigger_price": 0.8
    },
    {
      "ts": "2026-09-17T11:40:48.911953Z",
      "slug": "btc-updown-5m-1789645200",
      "status": "heartbeat",
      "gamma_up": 0.505,
      "gamma_down": 0.495,
      "clob_up_ask": 0.17,
      "clob_down_ask": 0.84,
      "seconds_left": 251.71756315231323,
      "min_spread": 0.010000000000000009
    },
    {
      "ts": "2026-09-17T11:40:48.911984Z",
      "slug": "btc-updown-5m-1789645200",
      "status": "skip_expensive_after_wins",
      "threshold": 0.7,
      "max_ask": 0.85,
      "win_streak": 3,
      "clob_up_ask": 0.17,
      "clob_down_ask": 0.84,
      "seconds_left": 251.71756315231323,
      "trigger_price": 0.84
    },
    {
      "ts": "2026-09-17T11:40:51.802380Z",
      "slug": "btc-updown-5m-1789645200",
      "status": "heartbeat",
      "gamma_up": 0.505,
      "gamma_down": 0.495,
      "clob_up_ask": 0.17,
      "clob_down_ask": 0.84,
      "seconds_left": 248.79487323760986,
      "min_spread": 0.010000000000000009
    },
    {
      "ts": "2026-09-17T11:40:51.802398Z",
      "slug": "btc-updown-5m-1789645200",
      "status": "skip_expensive_after_wins",
      "threshold": 0.7,
      "max_ask": 0.85,
      "win_streak": 3,
      "clob_up_ask": 0.17,
      "clob_down_ask": 0.84,
      "seconds_left": 248.79487323760986,
      "trigger_price": 0.84
    },
    {
      "ts": "2026-09-17T11:40:54.698015Z",
      "slug": "btc-updown-5m-1789645200",
      "status": "heartbeat",
      "gamma_up": 0.505,
      "gamma_down": 0.495,
      "clob_up_ask": 0.16,
      "clob_down_ask": 0.85,
      "seconds_left": 245.90479683876038,
      "min_spread": 0.010000000000000009
    },
    {
      "ts": "2026-09-17T11:40:54.698043Z",
      "slug": "btc-updown-5m-1789645200",
      "status": "skip_ask_too_expensive",
      "threshold": 0.7,
      "max_ask": 0.85,
      "win_streak": 3,
      "clob_up_ask": 0.16,
      "clob_down_ask": 0.85,
      "seconds_left": 245.90479683876038,
      "trigger_price": 0.85
    },
    {
      "ts": "2026-09-17T11:40:57.589482Z",
      "slug": "btc-updown-5m-1789645200",
      "status": "heartbeat",
      "gamma_up": 0.505,
      "gamma_down": 0.495,
      "clob_up_ask": 0.15,
      "clob_down_ask": 0.86,
      "seconds_left": 243.02851700782776,
      "min_spread": 0.009999999999999981
    },
    {
      "ts": "2026-09-17T11:40:57.589499Z",
      "slug": "btc-updown-5m-1789645200",
      "status": "skip_ask_too_expensive",
      "threshold": 0.7,
      "max_ask": 0.85,
      "win_streak": 3,
      "clob_up_ask": 0.15,
      "clob_down_ask": 0.86,
      "seconds_left": 243.02851700782776,
      "trigger_price": 0.86
    },
    {
      "ts": "2026-09-17T11:41:00.483709Z",
      "slug": "btc-updown-5m-1789645200",
      "status": "heartbeat",
      "gamma_up": 0.505,
      "gamma_down": 0.495,
      "clob_up_ask": 0.15,
      "clob_down_ask": 0.86,
      "seconds_left": 240.12305545806885,
      "min_spread": 0.009999999999999981
    },
    {
      "ts": "2026-09-17T11:41:00.483739Z",
      "slug": "btc-updown-5m-1789645200",
      "status": "skip_ask_too_expensive",
      "threshold": 0.7,
      "max_ask": 0.85,
      "win_streak": 3,
      "clob_up_ask": 0.15,
      "clob_down_ask": 0.86,
      "seconds_left": 240.12305545806885,
      "trigger_price": 0.86
    },
    {
      "ts": "2026-09-17T11:41:03.473379Z",
      "slug": "btc-updown-5m-1789645200",
      "status": "heartbeat",
      "gamma_up": 0.505,
      "gamma_down": 0.495,
      "clob_up_ask": 0.16,
      "clob_down_ask": 0.85,
      "seconds_left": 237.12062549591064,
      "min_spread": 0.010000000000000009
    },
    {
      "ts": "2026-09-17T11:41:03.473405Z",
      "slug": "btc-updown-5m-1789645200",
      "status": "skip_ask_too_expensive",
      "threshold": 0.7,
      "max_ask": 0.85,
      "win_streak": 3,
      "clob_up_ask": 0.16,
      "clob_down_ask": 0.85,
      "seconds_left": 237.12062549591064,
      "trigger_price": 0.85
    },
    {
      "ts": "2026-09-17T11:41:06.378369Z",
      "slug": "btc-updown-5m-1789645200",
      "status": "heartbeat",
      "gamma_up": 0.505,
      "gamma_down": 0.495,
      "clob_up_ask": 0.17,
      "clob_down_ask": 0.84,
      "seconds_left": 234.2270209789276,
      "min_spread": 0.010000000000000009
    },
    {
      "ts": "2026-09-17T11:41:06.378436Z",
      "slug": "btc-updown-5m-1789645200",
      "status": "skip_expensive_after_wins",
      "threshold": 0.7,
      "max_ask": 0.85,
      "win_streak": 3,
      "clob_up_ask": 0.17,
      "clob_down_ask": 0.84,
      "seconds_left": 234.2270209789276,
      "trigger_price": 0.84
    },
    {
      "ts": "2026-09-17T11:41:09.245589Z",
      "slug": "btc-updown-5m-1789645200",
      "status": "heartbeat",
      "gamma_up": 0.505,
      "gamma_down": 0.495,
      "clob_up_ask": 0.34,
      "clob_down_ask": 0.67,
      "seconds_left": 231.3567795753479,
      "min_spread": 0.010000000000000009
    },
    {
      "ts": "2026-09-17T11:41:09.245603Z",
      "slug": "btc-updown-5m-1789645200",
      "status": "skip_price_below_threshold",
      "threshold": 0.7,
      "max_ask": 0.85,
      "win_streak": 3,
      "clob_up_ask": 0.34,
      "clob_down_ask": 0.67,
      "seconds_left": 231.3567795753479,
      "trigger_price": null
    },
    {
      "ts": "2026-09-17T11:41:12.134425Z",
      "slug": "btc-updown-5m-1789645200",
      "status": "heartbeat",
      "gamma_up": 0.505,
      "gamma_down": 0.495,
      "clob_up_ask": 0.32,
      "clob_down_ask": 0.71,
      "seconds_left": 228.4631736278534,
      "min_spread": 0.010000000000000009
    },
    {
      "ts": "2026-09-17T11:41:23.478364Z",
      "slug": "btc-updown-5m-1789645200",
      "status": "heartbeat",
      "gamma_up": 0.505,
      "gamma_down": 0.495,
      "clob_up_ask": 0.28,
      "clob_down_ask": 0.73,
      "seconds_left": 217.2845537662506,
      "min_spread": 0.010000000000000009
    },
    {
      "ts": "2026-09-17T11:41:27.627287Z",
      "slug": "btc-updown-5m-1789645200",
      "status": "heartbeat",
      "gamma_up": 0.505,
      "gamma_down": 0.495,
      "clob_up_ask": 0.27,
      "clob_down_ask": 0.74,
      "seconds_left": 212.98553729057312,
      "min_spread": 0.010000000000000009
    }
  ],
  "last_open_try": "{\"mode\": \"open\", \"execute\": true, \"market_slug\": \"btc-updown-5m-1789645200\", \"force_side\": \"DOWN\", \"token_id\": \"77707418853891987408799163867299114960886326392679294430083035722878247520808\", \"entry_price\": 0.73, \"notional_usd\": 5.0, \"top_ask_notional_usd\": 8.76, \"skipped\": \"thin_top_ask\", \"order_post_result\": {\"success\": false, \"status\": \"skipped\", \"errorMsg\": \"thin_top_ask\"}}\n\n",
  "open_raw": "{\"mode\": \"open\", \"execute\": true, \"market_slug\": \"btc-updown-5m-1789645200\", \"force_side\": \"DOWN\", \"token_id\": \"77707418853891987408799163867299114960886326392679294430083035722878247520808\", \"entry_price\": 0.75, \"notional_usd\": 5.0, \"top_ask_notional_usd\": 32.25, \"collateral_pusd\": 434.762179, \"order_post_result\": {\"errorMsg\": \"\", \"orderID\": \"0xb9b402003288beac249137bb6dbb451fe89532d63923998acea6602ee634675a\", \"takingAmount\": \"6.756757\", \"makingAmount\": \"5\", \"status\": \"matched\", \"transactionsHashes\": [\"0xd1e1ed6ecb47df973276a1685569ebb2404f2dc2ba0348d61e062b2b72232d46\"], \"success\": true}}\n\n[py_clob_client_v2] request error status=400 url=https://clob.polymarket.com/auth/api-key body={\"error\":\"Could not create api key\"}\n\n",
  "opened": {
    "opened_at": "2026-09-17T11:41:32.330052Z",
    "market_slug": "btc-updown-5m-1789645200",
    "market_end_iso": "2026-09-17T11:45:00Z",
    "side": "DOWN",
    "token_id": "77707418853891987408799163867299114960886326392679294430083035722878247520808",
    "entry_price": 0.75,
    "shares": 6.756757,
    "cost_usdc": 5.0,
    "open_order_id": "0xb9b402003288beac249137bb6dbb451fe89532d63923998acea6602ee634675a",
    "open_tx": "0xd1e1ed6ecb47df973276a1685569ebb2404f2dc2ba0348d61e062b2b72232d46"
  },
  "stop_loss_price": 0.07499999999999998,
  "last_side_price": 0.735,
  "last_clob_bid": 0.37,
  "last_check_at": "2026-09-17T11:42:29.310676Z",
  "close_debug": [
    {
      "ts": "2026-09-17T11:42:34.149456Z",
      "attempt": 1,
      "order_type": "FAK",
      "status": "matched",
      "close_skipped": ""
    }
  ],
  "close_raw": "{\"mode\": \"close\", \"execute\": true, \"market_slug\": \"btc-updown-5m-1789645200\", \"token_id\": \"77707418853891987408799163867299114960886326392679294430083035722878247520808\", \"requested_shares\": 6.756757, \"close_order_type\": \"FAK\", \"close_limit_price\": null, \"available_shares\": 6.756757, \"sell_shares\": 6.7567, \"order_post_result\": {\"errorMsg\": \"\", \"orderID\": \"0x1a3e05584b87a4035be841e81fce6ba2ab425f36764bb652738f1d5f6ddc1f7a\", \"takingAmount\": \"3.105\", \"makingAmount\": \"6.75\", \"status\": \"matched\", \"transactionsHashes\": [\"0xca56f2c18fff6a8b08684277fc605921ff635c194a55ff47b549fde28e6fbd17\"], \"success\": true}, \"close_skipped\": \"\"}\n\n[py_clob_client_v2] request error status=400 url=https://clob.polymarket.com/auth/api-key body={\"error\":\"Could not create api key\"}\n\n",
  "closed": {
    "close_reason": "clob_bid_floor",
    "closed_at": "2026-09-17T11:42:34.149491Z",
    "close_success": true,
    "close_status": "matched",
    "close_order_id": "0x1a3e05584b87a4035be841e81fce6ba2ab425f36764bb652738f1d5f6ddc1f7a",
    "close_tx": "0xca56f2c18fff6a8b08684277fc605921ff635c194a55ff47b549fde28e6fbd17",
    "close_shares": 6.75,
    "close_usdc": 3.105,
    "close_skipped": ""
  },
  "realized_cashflow_pnl_usdc": -1.895,
  "finished_at": "2026-09-17T11:42:34.149515Z",
  "result": "done"
}
[2026-09-17T11:42:34Z] session_end rc=0 sessions=2 stake_usd=5
journal_ok trades=180 md=/home/yukeen/polymarketbot/5min-btc-polymarket/data/live_trades.md json=/home/yukeen/polymarketbot/5min-btc-polymarket/data/live_trades.json
[2026-09-17T11:43:48Z] fills=1/3 sessions=2/36
[py_clob_client_v2] request error status=400 url=https://clob.polymarket.com/auth/api-key body={"error":"Could not create api key"}

[2026-09-17T11:44:05Z] cash=432.658819
[2026-09-17T11:44:13Z] session_begin sessions=2 fills=1 stake_usd=5
{
  "started_at": "2026-09-17T11:44:17.654152Z",
  "params": {
    "profile": "conservative",
    "threshold": 0.7,
    "stake_usd": 5.0,
    "stop_loss_pct": 0.9,
    "exit_before_sec": 20,
    "min_entry_seconds_left": 60,
    "entry_timeout_min": 12,
    "poll_sec": 2.0,
    "max_ask": 0.85,
    "expensive_ask": 0.8,
    "expensive_after_wins": 3,
    "clob_cut_bid": 0.4,
    "close_retry_max": 30,
    "close_retry_delay_sec": 2.0,
    "execute": true,
    "win_streak": 0
  },
  "attempts": [
    {
      "ts": "2026-09-17T11:44:17.955188Z",
      "slug": "btc-updown-5m-1789645200",
      "status": "skip_too_late_to_enter",
      "seconds_left": 42.044816970825195,
      "min_entry_seconds_left": 60
    },
    {
      "ts": "2026-09-17T11:44:20.232537Z",
      "slug": "btc-updown-5m-1789645200",
      "status": "skip_too_late_to_enter",
      "seconds_left": 39.767470836639404,
      "min_entry_seconds_left": 60
    },
    {
      "ts": "2026-09-17T11:44:22.537737Z",
      "slug": "btc-updown-5m-1789645200",
      "status": "skip_too_late_to_enter",
      "seconds_left": 37.462268114089966,
      "min_entry_seconds_left": 60
    },
    {
      "ts": "2026-09-17T11:44:24.805128Z",
      "slug": "btc-updown-5m-1789645200",
      "status": "skip_too_late_to_enter",
      "seconds_left": 35.19487714767456,
      "min_entry_seconds_left": 60
    },
    {
      "ts": "2026-09-17T11:44:27.100346Z",
      "slug": "btc-updown-5m-1789645200",
      "status": "skip_too_late_to_enter",
      "seconds_left": 32.89966058731079,
      "min_entry_seconds_left": 60
    },
    {
      "ts": "2026-09-17T11:44:29.500418Z",
      "slug": "btc-updown-5m-1789645200",
      "status": "skip_too_late_to_enter",
      "seconds_left": 30.49958610534668,
      "min_entry_seconds_left": 60
    },
    {
      "ts": "2026-09-17T11:44:31.777526Z",
      "slug": "btc-updown-5m-1789645200",
      "status": "skip_too_late_to_enter",
      "seconds_left": 28.222479343414307,
      "min_entry_seconds_left": 60
    },
    {
      "ts": "2026-09-17T11:44:34.074757Z",
      "slug": "btc-updown-5m-1789645200",
      "status": "skip_too_late_to_enter",
      "seconds_left": 25.92524814605713,
      "min_entry_seconds_left": 60
    },
    {
      "ts": "2026-09-17T11:44:36.354644Z",
      "slug": "btc-updown-5m-1789645200",
      "status": "skip_too_late_to_enter",
      "seconds_left": 23.64536213874817,
      "min_entry_seconds_left": 60
    },
    {
      "ts": "2026-09-17T11:44:38.659092Z",
      "slug": "btc-updown-5m-1789645200",
      "status": "skip_too_late_to_enter",
      "seconds_left": 21.340913772583008,
      "min_entry_seconds_left": 60
    },
    {
      "ts": "2026-09-17T11:44:40.937338Z",
      "slug": "btc-updown-5m-1789645200",
      "status": "skip_too_late_to_enter",
      "seconds_left": 19.062668561935425,
      "min_entry_seconds_left": 60
    },
    {
      "ts": "2026-09-17T11:44:43.316083Z",
      "slug": "btc-updown-5m-1789645200",
      "status": "skip_too_late_to_enter",
      "seconds_left": 16.68392252922058,
      "min_entry_seconds_left": 60
    },
    {
      "ts": "2026-09-17T11:44:45.633377Z",
      "slug": "btc-updown-5m-1789645200",
      "status": "skip_too_late_to_enter",
      "seconds_left": 14.366629362106323,
      "min_entry_seconds_left": 60
    },
    {
      "ts": "2026-09-17T11:44:47.946474Z",
      "slug": "btc-updown-5m-1789645200",
      "status": "skip_too_late_to_enter",
      "seconds_left": 12.0535306930542,
      "min_entry_seconds_left": 60
    },
    {
      "ts": "2026-09-17T11:44:53.858113Z",
      "slug": "btc-updown-5m-1789645200",
      "status": "skip_too_late_to_enter",
      "seconds_left": 6.141891956329346,
      "min_entry_seconds_left": 60
    },
    {
      "ts": "2026-09-17T11:44:56.181348Z",
      "status": "heartbeat_no_current_market"
    },
    {
      "ts": "2026-09-17T11:44:58.463585Z",
      "status": "heartbeat_no_current_market"
    },
    {
      "ts": "2026-09-17T11:45:01.576063Z",
      "slug": "btc-updown-5m-1789645500",
      "status": "heartbeat",
      "gamma_up": 0.505,
      "gamma_down": 0.495,
      "clob_up_ask": 0.39,
      "clob_down_ask": 0.62,
      "seconds_left": 299.22873854637146,
      "min_spread": 0.010000000000000009
    },
    {
      "ts": "2026-09-17T11:45:01.576093Z",
      "slug": "btc-updown-5m-1789645500",
      "status": "skip_price_below_threshold",
      "threshold": 0.7,
      "max_ask": 0.85,
      "win_streak": 0,
      "clob_up_ask": 0.39,
      "clob_down_ask": 0.62,
      "seconds_left": 299.22873854637146,
      "trigger_price": null
    },
    {
      "ts": "2026-09-17T11:45:04.488468Z",
      "slug": "btc-updown-5m-1789645500",
      "status": "heartbeat",
      "gamma_up": 0.505,
      "gamma_down": 0.495,
      "clob_up_ask": 0.41,
      "clob_down_ask": 0.59,
      "seconds_left": 296.12378668785095,
      "min_spread": 0.009999999999999953
    },
    {
      "ts": "2026-09-17T11:45:04.488497Z",
      "slug": "btc-updown-5m-1789645500",
      "status": "skip_price_below_threshold",
      "threshold": 0.7,
      "max_ask": 0.85,
      "win_streak": 0,
      "clob_up_ask": 0.41,
      "clob_down_ask": 0.59,
      "seconds_left": 296.12378668785095,
      "trigger_price": null
    },
    {
      "ts": "2026-09-17T11:45:07.389804Z",
      "slug": "btc-updown-5m-1789645500",
      "status": "heartbeat",
      "gamma_up": 0.505,
      "gamma_down": 0.495,
      "clob_up_ask": 0.41,
      "clob_down_ask": 0.58,
      "seconds_left": 293.2282671928406,
      "min_spread": 0.009999999999999953
    },
    {
      "ts": "2026-09-17T11:45:07.389829Z",
      "slug": "btc-updown-5m-1789645500",
      "status": "skip_price_below_threshold",
      "threshold": 0.7,
      "max_ask": 0.85,
      "win_streak": 0,
      "clob_up_ask": 0.41,
      "clob_down_ask": 0.58,
      "seconds_left": 293.2282671928406,
      "trigger_price": null
    },
    {
      "ts": "2026-09-17T11:45:10.500396Z",
      "slug": "btc-updown-5m-1789645500",
      "status": "heartbeat",
      "gamma_up": 0.505,
      "gamma_down": 0.495,
      "clob_up_ask": 0.42,
      "clob_down_ask": 0.56,
      "seconds_left": 290.3174545764923,
      "min_spread": 0.010000000000000009
    },
    {
      "ts": "2026-09-17T11:45:10.500422Z",
      "slug": "btc-updown-5m-1789645500",
      "status": "skip_price_below_threshold",
      "threshold": 0.7,
      "max_ask": 0.85,
      "win_streak": 0,
      "clob_up_ask": 0.42,
      "clob_down_ask": 0.56,
      "seconds_left": 290.3174545764923,
      "trigger_price": null
    },
    {
      "ts": "2026-09-17T11:45:13.455848Z",
      "slug": "btc-updown-5m-1789645500",
      "status": "heartbeat",
      "gamma_up": 0.505,
      "gamma_down": 0.495,
      "clob_up_ask": 0.44,
      "clob_down_ask": 0.57,
      "seconds_left": 287.2235460281372,
      "min_spread": 0.009999999999999898
    },
    {
      "ts": "2026-09-17T11:45:13.455873Z",
      "slug": "btc-updown-5m-1789645500",
      "status": "skip_price_below_threshold",
      "threshold": 0.7,
      "max_ask": 0.85,
      "win_streak": 0,
      "clob_up_ask": 0.44,
      "clob_down_ask": 0.57,
      "seconds_left": 287.2235460281372,
      "trigger_price": null
    },
    {
      "ts": "2026-09-17T11:45:16.408311Z",
      "slug": "btc-updown-5m-1789645500",
      "status": "heartbeat",
      "gamma_up": 0.505,
      "gamma_down": 0.495,
      "clob_up_ask": 0.44,
      "clob_down_ask": 0.57,
      "seconds_left": 284.2508900165558,
      "min_spread": 0.009999999999999898
    },
    {
      "ts": "2026-09-17T11:45:16.408337Z",
      "slug": "btc-updown-5m-1789645500",
      "status": "skip_price_below_threshold",
      "threshold": 0.7,
      "max_ask": 0.85,
      "win_streak": 0,
      "clob_up_ask": 0.44,
      "clob_down_ask": 0.57,
      "seconds_left": 284.2508900165558,
      "trigger_price": null
    },
    {
      "ts": "2026-09-17T11:45:19.336543Z",
      "slug": "btc-updown-5m-1789645500",
      "status": "heartbeat",
      "gamma_up": 0.505,
      "gamma_down": 0.495,
      "clob_up_ask": 0.45,
      "clob_down_ask": 0.56,
      "seconds_left": 281.2951748371124,
      "min_spread": 0.010000000000000009
    },
    {
      "ts": "2026-09-17T11:45:19.336569Z",
      "slug": "btc-updown-5m-1789645500",
      "status": "skip_price_below_threshold",
      "threshold": 0.7,
      "max_ask": 0.85,
      "win_streak": 0,
      "clob_up_ask": 0.45,
      "clob_down_ask": 0.56,
      "seconds_left": 281.2951748371124,
      "trigger_price": null
    },
    {
      "ts": "2026-09-17T11:45:22.269795Z",
      "slug": "btc-updown-5m-1789645500",
      "status": "heartbeat",
      "gamma_up": 0.505,
      "gamma_down": 0.495,
      "clob_up_ask": 0.53,
      "clob_down_ask": 0.49,
      "seconds_left": 278.3416724205017,
      "min_spread": 0.010000000000000009
    },
    {
      "ts": "2026-09-17T11:45:22.269824Z",
      "slug": "btc-updown-5m-1789645500",
      "status": "skip_price_below_threshold",
      "threshold": 0.7,
      "max_ask": 0.85,
      "win_streak": 0,
      "clob_up_ask": 0.53,
      "clob_down_ask": 0.49,
      "seconds_left": 278.3416724205017,
      "trigger_price": null
    },
    {
      "ts": "2026-09-17T11:45:25.162194Z",
      "slug": "btc-updown-5m-1789645500",
      "status": "heartbeat",
      "gamma_up": 0.505,
      "gamma_down": 0.495,
      "clob_up_ask": 0.53,
      "clob_down_ask": 0.48,
      "seconds_left": 275.4427809715271,
      "min_spread": 0.010000000000000009
    },
    {
      "ts": "2026-09-17T11:45:25.162218Z",
      "slug": "btc-updown-5m-1789645500",
      "status": "skip_price_below_threshold",
      "threshold": 0.7,
      "max_ask": 0.85,
      "win_streak": 0,
      "clob_up_ask": 0.53,
      "clob_down_ask": 0.48,
      "seconds_left": 275.4427809715271,
      "trigger_price": null
    },
    {
      "ts": "2026-09-17T11:45:31.683609Z",
      "slug": "btc-updown-5m-1789645500",
      "status": "heartbeat",
      "gamma_up": 0.505,
      "gamma_down": 0.495,
      "clob_up_ask": 0.5,
      "clob_down_ask": 0.51,
      "seconds_left": 268.9319906234741,
      "min_spread": 0.010000000000000009
    },
    {
      "ts": "2026-09-17T11:45:31.683634Z",
      "slug": "btc-updown-5m-1789645500",
      "status": "skip_price_below_threshold",
      "threshold": 0.7,
      "max_ask": 0.85,
      "win_streak": 0,
      "clob_up_ask": 0.5,
      "clob_down_ask": 0.51,
      "seconds_left": 268.9319906234741,
      "trigger_price": null
    },
    {
      "ts": "2026-09-17T11:45:34.587073Z",
      "slug": "btc-updown-5m-1789645500",
      "status": "heartbeat",
      "gamma_up": 0.505,
      "gamma_down": 0.495,
      "clob_up_ask": 0.35,
      "clob_down_ask": 0.66,
      "seconds_left": 266.0090448856354,
      "min_spread": 0.009999999999999953
    },
    {
      "ts": "2026-09-17T11:45:34.587095Z",
      "slug": "btc-updown-5m-1789645500",
      "status": "skip_price_below_threshold",
      "threshold": 0.7,
      "max_ask": 0.85,
      "win_streak": 0,
      "clob_up_ask": 0.35,
      "clob_down_ask": 0.66,
      "seconds_left": 266.0090448856354,
      "trigger_price": null
    },
    {
      "ts": "2026-09-17T11:45:37.504740Z",
      "slug": "btc-updown-5m-1789645500",
      "status": "heartbeat",
      "gamma_up": 0.505,
      "gamma_down": 0.495,
      "clob_up_ask": 0.34,
      "clob_down_ask": 0.66,
      "seconds_left": 263.1169774532318,
      "min_spread": 0.010000000000000009
    },
    {
      "ts": "2026-09-17T11:45:37.504764Z",
      "slug": "btc-updown-5m-1789645500",
      "status": "skip_price_below_threshold",
      "threshold": 0.7,
      "max_ask": 0.85,
      "win_streak": 0,
      "clob_up_ask": 0.34,
      "clob_down_ask": 0.66,
      "seconds_left": 263.1169774532318,
      "trigger_price": null
    },
    {
      "ts": "2026-09-17T11:45:40.399525Z",
      "slug": "btc-updown-5m-1789645500",
      "status": "heartbeat",
      "gamma_up": 0.505,
      "gamma_down": 0.495,
      "clob_up_ask": 0.37,
      "clob_down_ask": 0.64,
      "seconds_left": 260.2067255973816,
      "min_spread": 0.010000000000000009
    },
    {
      "ts": "2026-09-17T11:45:40.399551Z",
      "slug": "btc-updown-5m-1789645500",
      "status": "skip_price_below_threshold",
      "threshold": 0.7,
      "max_ask": 0.85,
      "win_streak": 0,
      "clob_up_ask": 0.37,
      "clob_down_ask": 0.64,
      "seconds_left": 260.2067255973816,
      "trigger_price": null
    },
    {
      "ts": "2026-09-17T11:45:43.320482Z",
      "slug": "btc-updown-5m-1789645500",
      "status": "heartbeat",
      "gamma_up": 0.505,
      "gamma_down": 0.495,
      "clob_up_ask": 0.49,
      "clob_down_ask": 0.52,
      "seconds_left": 257.2987344264984,
      "min_spread": 0.010000000000000009
    },
    {
      "ts": "2026-09-17T11:45:43.320507Z",
      "slug": "btc-updown-5m-1789645500",
      "status": "skip_price_below_threshold",
      "threshold": 0.7,
      "max_ask": 0.85,
      "win_streak": 0,
      "clob_up_ask": 0.49,
      "clob_down_ask": 0.52,
      "seconds_left": 257.2987344264984,
      "trigger_price": null
    },
    {
      "ts": "2026-09-17T11:45:46.874659Z",
      "slug": "btc-updown-5m-1789645500",
      "status": "heartbeat",
      "gamma_up": 0.505,
      "gamma_down": 0.495,
      "clob_up_ask": 0.41,
      "clob_down_ask": 0.64,
      "seconds_left": 254.39667582511902,
      "min_spread": 0.009999999999999953
    },
    {
      "ts": "2026-09-17T11:45:46.874687Z",
      "slug": "btc-updown-5m-1789645500",
      "status": "skip_price_below_threshold",
      "threshold": 0.7,
      "max_ask": 0.85,
      "win_streak": 0,
      "clob_up_ask": 0.41,
      "clob_down_ask": 0.64,
      "seconds_left": 254.39667582511902,
      "trigger_price": null
    },
    {
      "ts": "2026-09-17T11:45:49.759747Z",
      "slug": "btc-updown-5m-1789645500",
      "status": "heartbeat",
      "gamma_up": 0.505,
      "gamma_down": 0.495,
      "clob_up_ask": 0.38,
      "clob_down_ask": 0.62,
      "seconds_left": 250.8478238582611,
      "min_spread": 0.010000000000000009
    },
    {
      "ts": "2026-09-17T11:45:49.759765Z",
      "slug": "btc-updown-5m-1789645500",
      "status": "skip_price_below_threshold",
      "threshold": 0.7,
      "max_ask": 0.85,
      "win_streak": 0,
      "clob_up_ask": 0.38,
      "clob_down_ask": 0.62,
      "seconds_left": 250.8478238582611,
      "trigger_price": null
    },
    {
      "ts": "2026-09-17T11:45:52.702735Z",
      "slug": "btc-updown-5m-1789645500",
      "status": "heartbeat",
      "gamma_up": 0.505,
      "gamma_down": 0.495,
      "clob_up_ask": 0.46,
      "clob_down_ask": 0.54,
      "seconds_left": 247.92465090751648,
      "min_spread": 0.010000000000000009
    },
    {
      "ts": "2026-09-17T11:45:52.702761Z",
      "slug": "btc-updown-5m-1789645500",
      "status": "skip_price_below_threshold",
      "threshold": 0.7,
      "max_ask": 0.85,
      "win_streak": 0,
      "clob_up_ask": 0.46,
      "clob_down_ask": 0.54,
      "seconds_left": 247.92465090751648,
      "trigger_price": null
    },
    {
      "ts": "2026-09-17T11:45:55.581271Z",
      "slug": "btc-updown-5m-1789645500",
      "status": "heartbeat",
      "gamma_up": 0.505,
      "gamma_down": 0.495,
      "clob_up_ask": 0.46,
      "clob_down_ask": 0.55,
      "seconds_left": 245.01669192314148,
      "min_spread": 0.010000000000000009
    },
    {
      "ts": "2026-09-17T11:45:55.581287Z",
      "slug": "btc-updown-5m-1789645500",
      "status": "skip_price_below_threshold",
      "threshold": 0.7,
      "max_ask": 0.85,
      "win_streak": 0,
      "clob_up_ask": 0.46,
      "clob_down_ask": 0.55,
      "seconds_left": 245.01669192314148,
      "trigger_price": null
    },
    {
      "ts": "2026-09-17T11:45:58.471453Z",
      "slug": "btc-updown-5m-1789645500",
      "status": "heartbeat",
      "gamma_up": 0.505,
      "gamma_down": 0.495,
      "clob_up_ask": 0.48,
      "clob_down_ask": 0.53,
      "seconds_left": 242.1286051273346,
      "min_spread": 0.010000000000000009
    },
    {
      "ts": "2026-09-17T11:45:58.471478Z",
      "slug": "btc-updown-5m-1789645500",
      "status": "skip_price_below_threshold",
      "threshold": 0.7,
      "max_ask": 0.85,
      "win_streak": 0,
      "clob_up_ask": 0.48,
      "clob_down_ask": 0.53,
      "seconds_left": 242.1286051273346,
      "trigger_price": null
    },
    {
      "ts": "2026-09-17T11:46:01.358855Z",
      "slug": "btc-updown-5m-1789645500",
      "status": "heartbeat",
      "gamma_up": 0.505,
      "gamma_down": 0.495,
      "clob_up_ask": 0.46,
      "clob_down_ask": 0.57,
      "seconds_left": 239.24637722969055,
      "min_spread": 0.009999999999999898
    },
    {
      "ts": "2026-09-17T11:46:01.358879Z",
      "slug": "btc-updown-5m-1789645500",
      "status": "skip_price_below_threshold",
      "threshold": 0.7,
      "max_ask": 0.85,
      "win_streak": 0,
      "clob_up_ask": 0.46,
      "clob_down_ask": 0.57,
      "seconds_left": 239.24637722969055,
      "trigger_price": null
    },
    {
      "ts": "2026-09-17T11:46:07.849485Z",
      "slug": "btc-updown-5m-1789645500",
      "status": "heartbeat",
      "gamma_up": 0.505,
      "gamma_down": 0.495,
      "clob_up_ask": 0.46,
      "clob_down_ask": 0.55,
      "seconds_left": 232.75772166252136,
      "min_spread": 0.010000000000000009
    },
    {
      "ts": "2026-09-17T11:46:07.849513Z",
      "slug": "btc-updown-5m-1789645500",
      "status": "skip_price_below_threshold",
      "threshold": 0.7,
      "max_ask": 0.85,
      "win_streak": 0,
      "clob_up_ask": 0.46,
      "clob_down_ask": 0.55,
      "seconds_left": 232.75772166252136,
      "trigger_price": null
    },
    {
      "ts": "2026-09-17T11:46:10.766052Z",
      "slug": "btc-updown-5m-1789645500",
      "status": "heartbeat",
      "gamma_up": 0.505,
      "gamma_down": 0.495,
      "clob_up_ask": 0.52,
      "clob_down_ask": 0.52,
      "seconds_left": 229.85815238952637,
      "min_spread": 0.010000000000000009
    },
    {
      "ts": "2026-09-17T11:46:10.766075Z",
      "slug": "btc-updown-5m-1789645500",
      "status": "skip_price_below_threshold",
      "threshold": 0.7,
      "max_ask": 0.85,
      "win_streak": 0,
      "clob_up_ask": 0.52,
      "clob_down_ask": 0.52,
      "seconds_left": 229.85815238952637,
      "trigger_price": null
    },
    {
      "ts": "2026-09-17T11:46:13.677186Z",
      "slug": "btc-updown-5m-1789645500",
      "status": "heartbeat",
      "gamma_up": 0.505,
      "gamma_down": 0.495,
      "clob_up_ask": 0.54,
      "clob_down_ask": 0.47,
      "seconds_left": 226.9401466846466,
      "min_spread": 0.009999999999999953
    },
    {
      "ts": "2026-09-17T11:46:13.677209Z",
      "slug": "btc-updown-5m-1789645500",
      "status": "skip_price_below_threshold",
      "threshold": 0.7,
      "max_ask": 0.85,
      "win_streak": 0,
      "clob_up_ask": 0.54,
      "clob_down_ask": 0.47,
      "seconds_left": 226.9401466846466,
      "trigger_price": null
    },
    {
      "ts": "2026-09-17T11:46:16.565937Z",
      "slug": "btc-updown-5m-1789645500",
      "status": "heartbeat",
      "gamma_up": 0.505,
      "gamma_down": 0.495,
      "clob_up_ask": 0.54,
      "clob_down_ask": 0.47,
      "seconds_left": 224.04977202415466,
      "min_spread": 0.009999999999999953
    },
    {
      "ts": "2026-09-17T11:46:16.565953Z",
      "slug": "btc-updown-5m-1789645500",
      "status": "skip_price_below_threshold",
      "threshold": 0.7,
      "max_ask": 0.85,
      "win_streak": 0,
      "clob_up_ask": 0.54,
      "clob_down_ask": 0.47,
      "seconds_left": 224.04977202415466,
      "trigger_price": null
    },
    {
      "ts": "2026-09-17T11:46:19.466942Z",
      "slug": "btc-updown-5m-1789645500",
      "status": "heartbeat",
      "gamma_up": 0.505,
      "gamma_down": 0.495,
      "clob_up_ask": 0.49,
      "clob_down_ask": 0.52,
      "seconds_left": 221.1423122882843,
      "min_spread": 0.010000000000000009
    },
    {
      "ts": "2026-09-17T11:46:19.466956Z",
      "slug": "btc-updown-5m-1789645500",
      "status": "skip_price_below_threshold",
      "threshold": 0.7,
      "max_ask": 0.85,
      "win_streak": 0,
      "clob_up_ask": 0.49,
      "clob_down_ask": 0.52,
      "seconds_left": 221.1423122882843,
      "trigger_price": null
    },
    {
      "ts": "2026-09-17T11:46:22.381421Z",
      "slug": "btc-updown-5m-1789645500",
      "status": "heartbeat",
      "gamma_up": 0.505,
      "gamma_down": 0.495,
      "clob_up_ask": 0.43,
      "clob_down_ask": 0.6,
      "seconds_left": 218.23251962661743,
      "min_spread": 0.010000000000000009
    },
    {
      "ts": "2026-09-17T11:46:22.381442Z",
      "slug": "btc-updown-5m-1789645500",
      "status": "skip_price_below_threshold",
      "threshold": 0.7,
      "max_ask": 0.85,
      "win_streak": 0,
      "clob_up_ask": 0.43,
      "clob_down_ask": 0.6,
      "seconds_left": 218.23251962661743,
      "trigger_price": null
    },
    {
      "ts": "2026-09-17T11:46:25.330891Z",
      "slug": "btc-updown-5m-1789645500",
      "status": "heartbeat",
      "gamma_up": 0.505,
      "gamma_down": 0.495,
      "clob_up_ask": 0.44,
      "clob_down_ask": 0.57,
      "seconds_left": 215.32597851753235,
      "min_spread": 0.009999999999999898
    },
    {
      "ts": "2026-09-17T11:46:25.330917Z",
      "slug": "btc-updown-5m-1789645500",
      "status": "skip_price_below_threshold",
      "threshold": 0.7,
      "max_ask": 0.85,
      "win_streak": 0,
      "clob_up_ask": 0.44,
      "clob_down_ask": 0.57,
      "seconds_left": 215.32597851753235,
      "trigger_price": null
    },
    {
      "ts": "2026-09-17T11:46:28.210908Z",
      "slug": "btc-updown-5m-1789645500",
      "status": "heartbeat",
      "gamma_up": 0.505,
      "gamma_down": 0.495,
      "clob_up_ask": 0.47,
      "clob_down_ask": 0.54,
      "seconds_left": 212.39787673950195,
      "min_spread": 0.009999999999999953
    },
    {
      "ts": "2026-09-17T11:46:28.210931Z",
      "slug": "btc-updown-5m-1789645500",
      "status": "skip_price_below_threshold",
      "threshold": 0.7,
      "max_ask": 0.85,
      "win_streak": 0,
      "clob_up_ask": 0.47,
      "clob_down_ask": 0.54,
      "seconds_left": 212.39787673950195,
      "trigger_price": null
    },
    {
      "ts": "2026-09-17T11:46:31.158682Z",
      "slug": "btc-updown-5m-1789645500",
      "status": "heartbeat",
      "gamma_up": 0.505,
      "gamma_down": 0.495,
      "clob_up_ask": 0.47,
      "clob_down_ask": 0.52,
      "seconds_left": 209.5053219795227,
      "min_spread": 0.009999999999999953
    },
    {
      "ts": "2026-09-17T11:46:31.158708Z",
      "slug": "btc-updown-5m-1789645500",
      "status": "skip_price_below_threshold",
      "threshold": 0.7,
      "max_ask": 0.85,
      "win_streak": 0,
      "clob_up_ask": 0.47,
      "clob_down_ask": 0.52,
      "seconds_left": 209.5053219795227,
      "trigger_price": null
    },
    {
      "ts": "2026-09-17T11:46:34.054841Z",
      "slug": "btc-updown-5m-1789645500",
      "status": "heartbeat",
      "gamma_up": 0.405,
      "gamma_down": 0.595,
      "clob_up_ask": 0.49,
      "clob_down_ask": 0.52,
      "seconds_left": 206.55306243896484,
      "min_spread": 0.010000000000000009
    },
    {
      "ts": "2026-09-17T11:46:34.054868Z",
      "slug": "btc-updown-5m-1789645500",
      "status": "skip_price_below_threshold",
      "threshold": 0.7,
      "max_ask": 0.85,
      "win_streak": 0,
      "clob_up_ask": 0.49,
      "clob_down_ask": 0.52,
      "seconds_left": 206.55306243896484,
      "trigger_price": null
    },
    {
      "ts": "2026-09-17T11:46:36.952200Z",
      "slug": "btc-updown-5m-1789645500",
      "status": "heartbeat",
      "gamma_up": 0.405,
      "gamma_down": 0.595,
      "clob_up_ask": 0.48,
      "clob_down_ask": 0.53,
      "seconds_left": 203.65251445770264,
      "min_spread": 0.010000000000000009
    },
    {
      "ts": "2026-09-17T11:46:36.952225Z",
      "slug": "btc-updown-5m-1789645500",
      "status": "skip_price_below_threshold",
      "threshold": 0.7,
      "max_ask": 0.85,
      "win_streak": 0,
      "clob_up_ask": 0.48,
      "clob_down_ask": 0.53,
      "seconds_left": 203.65251445770264,
      "trigger_price": null
    },
    {
      "ts": "2026-09-17T11:46:43.431359Z",
      "slug": "btc-updown-5m-1789645500",
      "status": "heartbeat",
      "gamma_up": 0.405,
      "gamma_down": 0.595,
      "clob_up_ask": 0.47,
      "clob_down_ask": 0.54,
      "seconds_left": 197.17870831489563,
      "min_spread": 0.009999999999999953
    },
    {
      "ts": "2026-09-17T11:46:43.431383Z",
      "slug": "btc-updown-5m-1789645500",
      "status": "skip_price_below_threshold",
      "threshold": 0.7,
      "max_ask": 0.85,
      "win_streak": 0,
      "clob_up_ask": 0.47,
      "clob_down_ask": 0.54,
      "seconds_left": 197.17870831489563,
      "trigger_price": null
    },
    {
      "ts": "2026-09-17T11:46:46.345134Z",
      "slug": "btc-updown-5m-1789645500",
      "status": "heartbeat",
      "gamma_up": 0.405,
      "gamma_down": 0.595,
      "clob_up_ask": 0.45,
      "clob_down_ask": 0.56,
      "seconds_left": 194.2774474620819,
      "min_spread": 0.010000000000000009
    },
    {
      "ts": "2026-09-17T11:46:46.345155Z",
      "slug": "btc-updown-5m-1789645500",
      "status": "skip_price_below_threshold",
      "threshold": 0.7,
      "max_ask": 0.85,
      "win_streak": 0,
      "clob_up_ask": 0.45,
      "clob_down_ask": 0.56,
      "seconds_left": 194.2774474620819,
      "trigger_price": null
    },
    {
      "ts": "2026-09-17T11:46:49.253975Z",
      "slug": "btc-updown-5m-1789645500",
      "status": "heartbeat",
      "gamma_up": 0.405,
      "gamma_down": 0.595,
      "clob_up_ask": 0.45,
      "clob_down_ask": 0.56,
      "seconds_left": 191.35747599601746,
      "min_spread": 0.010000000000000009
    },
    {
      "ts": "2026-09-17T11:46:49.254007Z",
      "slug": "btc-updown-5m-1789645500",
      "status": "skip_price_below_threshold",
      "threshold": 0.7,
      "max_ask": 0.85,
      "win_streak": 0,
      "clob_up_ask": 0.45,
      "clob_down_ask": 0.56,
      "seconds_left": 191.35747599601746,
      "trigger_price": null
    },
    {
      "ts": "2026-09-17T11:46:52.235339Z",
      "slug": "btc-updown-5m-1789645500",
      "status": "heartbeat",
      "gamma_up": 0.405,
      "gamma_down": 0.595,
      "clob_up_ask": 0.44,
      "clob_down_ask": 0.57,
      "seconds_left": 188.41111779212952,
      "min_spread": 0.009999999999999898
    },
    {
      "ts": "2026-09-17T11:46:52.235357Z",
      "slug": "btc-updown-5m-1789645500",
      "status": "skip_price_below_threshold",
      "threshold": 0.7,
      "max_ask": 0.85,
      "win_streak": 0,
      "clob_up_ask": 0.44,
      "clob_down_ask": 0.57,
      "seconds_left": 188.41111779212952,
      "trigger_price": null
    },
    {
      "ts": "2026-09-17T11:46:55.155636Z",
      "slug": "btc-updown-5m-1789645500",
      "status": "heartbeat",
      "gamma_up": 0.405,
      "gamma_down": 0.595,
      "clob_up_ask": 0.44,
      "clob_down_ask": 0.57,
      "seconds_left": 185.45818519592285,
      "min_spread": 0.009999999999999898
    },
    {
      "ts": "2026-09-17T11:46:55.155657Z",
      "slug": "btc-updown-5m-1789645500",
      "status": "skip_price_below_threshold",
      "threshold": 0.7,
      "max_ask": 0.85,
      "win_streak": 0,
      "clob_up_ask": 0.44,
      "clob_down_ask": 0.57,
      "seconds_left": 185.45818519592285,
      "trigger_price": null
    },
    {
      "ts": "2026-09-17T11:46:58.224235Z",
      "slug": "btc-updown-5m-1789645500",
      "status": "heartbeat",
      "gamma_up": 0.405,
      "gamma_down": 0.595,
      "clob_up_ask": 0.5,
      "clob_down_ask": 0.51,
      "seconds_left": 182.53517699241638,
      "min_spread": 0.010000000000000009
    },
    {
      "ts": "2026-09-17T11:46:58.224266Z",
      "slug": "btc-updown-5m-1789645500",
      "status": "skip_price_below_threshold",
      "threshold": 0.7,
      "max_ask": 0.85,
      "win_streak": 0,
      "clob_up_ask": 0.5,
      "clob_down_ask": 0.51,
      "seconds_left": 182.53517699241638,
      "trigger_price": null
    },
    {
      "ts": "2026-09-17T11:47:01.230025Z",
      "slug": "btc-updown-5m-1789645500",
      "status": "heartbeat",
      "gamma_up": 0.405,
      "gamma_down": 0.595,
      "clob_up_ask": 0.6,
      "clob_down_ask": 0.42,
      "seconds_left": 179.3879199028015,
      "min_spread": 0.010000000000000009
    },
    {
      "ts": "2026-09-17T11:47:01.230053Z",
      "slug": "btc-updown-5m-1789645500",
      "status": "skip_price_below_threshold",
      "threshold": 0.7,
      "max_ask": 0.85,
      "win_streak": 0,
      "clob_up_ask": 0.6,
      "clob_down_ask": 0.42,
      "seconds_left": 179.3879199028015,
      "trigger_price": null
    },
    {
      "ts": "2026-09-17T11:47:04.265681Z",
      "slug": "btc-updown-5m-1789645500",
      "status": "heartbeat",
      "gamma_up": 0.405,
      "gamma_down": 0.595,
      "clob_up_ask": 0.68,
      "clob_down_ask": 0.33,
      "seconds_left": 176.46925687789917,
      "min_spread": 0.010000000000000009
    },
    {
      "ts": "2026-09-17T11:47:04.265705Z",
      "slug": "btc-updown-5m-1789645500",
      "status": "skip_price_below_threshold",
      "threshold": 0.7,
      "max_ask": 0.85,
      "win_streak": 0,
      "clob_up_ask": 0.68,
      "clob_down_ask": 0.33,
      "seconds_left": 176.46925687789917,
      "trigger_price": null
    },
    {
      "ts": "2026-09-17T11:47:07.164573Z",
      "slug": "btc-updown-5m-1789645500",
      "status": "heartbeat",
      "gamma_up": 0.405,
      "gamma_down": 0.595,
      "clob_up_ask": 0.67,
      "clob_down_ask": 0.34,
      "seconds_left": 173.4431664943695,
      "min_spread": 0.010000000000000009
    },
    {
      "ts": "2026-09-17T11:47:07.164593Z",
      "slug": "btc-updown-5m-1789645500",
      "status": "skip_price_below_threshold",
      "threshold": 0.7,
      "max_ask": 0.85,
      "win_streak": 0,
      "clob_up_ask": 0.67,
      "clob_down_ask": 0.34,
      "seconds_left": 173.4431664943695,
      "trigger_price": null
    },
    {
      "ts": "2026-09-17T11:47:10.031056Z",
      "slug": "btc-updown-5m-1789645500",
      "status": "heartbeat",
      "gamma_up": 0.405,
      "gamma_down": 0.595,
      "clob_up_ask": 0.57,
      "clob_down_ask": 0.44,
      "seconds_left": 170.57299876213074,
      "min_spread": 0.009999999999999898
    },
    {
      "ts": "2026-09-17T11:47:10.031081Z",
      "slug": "btc-updown-5m-1789645500",
      "status": "skip_price_below_threshold",
      "threshold": 0.7,
      "max_ask": 0.85,
      "win_streak": 0,
      "clob_up_ask": 0.57,
      "clob_down_ask": 0.44,
      "seconds_left": 170.57299876213074,
      "trigger_price": null
    },
    {
      "ts": "2026-09-17T11:47:12.925580Z",
      "slug": "btc-updown-5m-1789645500",
      "status": "heartbeat",
      "gamma_up": 0.405,
      "gamma_down": 0.595,
      "clob_up_ask": 0.63,
      "clob_down_ask": 0.38,
      "seconds_left": 167.6959068775177,
      "min_spread": 0.010000000000000009
    },
    {
      "ts": "2026-09-17T11:47:12.925603Z",
      "slug": "btc-updown-5m-1789645500",
      "status": "skip_price_below_threshold",
      "threshold": 0.7,
      "max_ask": 0.85,
      "win_streak": 0,
      "clob_up_ask": 0.63,
      "clob_down_ask": 0.38,
      "seconds_left": 167.6959068775177,
      "trigger_price": null
    },
    {
      "ts": "2026-09-17T11:47:19.542219Z",
      "slug": "btc-updown-5m-1789645500",
      "status": "heartbeat",
      "gamma_up": 0.405,
      "gamma_down": 0.595,
      "clob_up_ask": 0.69,
      "clob_down_ask": 0.32,
      "seconds_left": 161.1205325126648,
      "min_spread": 0.009999999999999898
    },
    {
      "ts": "2026-09-17T11:47:19.542250Z",
      "slug": "btc-updown-5m-1789645500",
      "status": "skip_price_below_threshold",
      "threshold": 0.7,
      "max_ask": 0.85,
      "win_streak": 0,
      "clob_up_ask": 0.69,
      "clob_down_ask": 0.32,
      "seconds_left": 161.1205325126648,
      "trigger_price": null
    },
    {
      "ts": "2026-09-17T11:47:22.455158Z",
      "slug": "btc-updown-5m-1789645500",
      "status": "heartbeat",
      "gamma_up": 0.405,
      "gamma_down": 0.595,
      "clob_up_ask": 0.71,
      "clob_down_ask": 0.3,
      "seconds_left": 158.16228008270264,
      "min_spread": 0.010000000000000009
    }
  ],
  "open_raw": "{\"mode\": \"open\", \"execute\": true, \"market_slug\": \"btc-updown-5m-1789645500\", \"force_side\": \"UP\", \"token_id\": \"47131510881527544012949977482100476865792934118850644408554106014879738361471\", \"entry_price\": 0.68, \"notional_usd\": 5.0, \"top_ask_notional_usd\": 255.68, \"collateral_pusd\": 432.658819, \"order_post_result\": {\"errorMsg\": \"\", \"orderID\": \"0x6e36575743fe0b9fdecf4f0d58e72359ef04d6abdea97d16e22f81abdf81fd72\", \"takingAmount\": \"6.756757\", \"makingAmount\": \"5\", \"status\": \"matched\", \"transactionsHashes\": [\"0x2688df9b2e79fc0d013362f7c94cf81660ddcbe11d9b539acd161f9d356cd7d8\"], \"success\": true}}\n\n[py_clob_client_v2] request error status=400 url=https://clob.polymarket.com/auth/api-key body={\"error\":\"Could not create api key\"}\n\n",
  "opened": {
    "opened_at": "2026-09-17T11:47:27.314475Z",
    "market_slug": "btc-updown-5m-1789645500",
    "market_end_iso": "2026-09-17T11:50:00Z",
    "side": "UP",
    "token_id": "47131510881527544012949977482100476865792934118850644408554106014879738361471",
    "entry_price": 0.68,
    "shares": 6.756757,
    "cost_usdc": 5.0,
    "open_order_id": "0x6e36575743fe0b9fdecf4f0d58e72359ef04d6abdea97d16e22f81abdf81fd72",
    "open_tx": "0x2688df9b2e79fc0d013362f7c94cf81660ddcbe11d9b539acd161f9d356cd7d8"
  },
  "stop_loss_price": 0.06799999999999999,
  "last_side_price": 0.405,
  "last_clob_bid": 0.99,
  "last_check_at": "2026-09-17T11:49:36.851634Z",
  "closed": {
    "close_reason": "hold_to_settlement_winning_book",
    "closed_at": "2026-09-17T11:49:42.772219Z",
    "close_success": false,
    "close_status": "held",
    "close_order_id": null,
    "close_tx": null,
    "close_shares": 0.0,
    "close_usdc": 0.0,
    "close_skipped": "hold_to_settlement"
  },
  "realized_cashflow_pnl_usdc": null,
  "finished_at": "2026-09-17T11:49:42.772241Z",
  "result": "done"
}
[2026-09-17T11:49:42Z] session_end rc=0 sessions=3 stake_usd=5
journal_ok trades=181 md=/home/yukeen/polymarketbot/5min-btc-polymarket/data/live_trades.md json=/home/yukeen/polymarketbot/5min-btc-polymarket/data/live_trades.json
[2026-09-17T11:51:16Z] fills=2/3 sessions=3/36
[py_clob_client_v2] request error status=400 url=https://clob.polymarket.com/auth/api-key body={"error":"Could not create api key"}

[2026-09-17T11:51:36Z] cash=427.567819
[py_clob_client_v2] request error status=400 url=https://clob.polymarket.com/auth/api-key body={"error":"Could not create api key"}

[2026-09-17T11:51:53Z] cash_retry=434.324576
[2026-09-17T11:52:01Z] session_begin sessions=3 fills=2 stake_usd=5
