[py_clob_client_v2] request error status=400 url=https://clob.polymarket.com/auth/api-key body={"error":"Could not create api key"}

[2026-09-17T12:26:52Z] start_cash=400.518905
[2026-09-17T12:26:52Z] session_begin sessions=0 fills=0 stake_usd=100
{
  "started_at": "2026-09-17T12:26:53.128610Z",
  "params": {
    "profile": "conservative",
    "threshold": 0.8,
    "stake_usd": 100.0,
    "stop_loss_pct": 0.9,
    "exit_before_sec": 20,
    "min_entry_seconds_left": 60,
    "entry_timeout_min": 12,
    "poll_sec": 2.0,
    "max_ask": 0.85,
    "expensive_ask": 0.8,
    "expensive_after_wins": 3,
    "clob_cut_bid": 0.4,
    "close_retry_max": 30,
    "close_retry_delay_sec": 2.0,
    "execute": true,
    "win_streak": 0
  },
  "attempts": [
    {
      "ts": "2026-09-17T12:26:54.137789Z",
      "slug": "btc-updown-5m-1789647900",
      "status": "heartbeat",
      "gamma_up": 0.485,
      "gamma_down": 0.515,
      "clob_up_ask": 0.66,
      "clob_down_ask": 0.34,
      "seconds_left": 186.6036078929901,
      "min_spread": 0.010000000000000009
    },
    {
      "ts": "2026-09-17T12:26:54.137817Z",
      "slug": "btc-updown-5m-1789647900",
      "status": "skip_price_below_threshold",
      "threshold": 0.8,
      "max_ask": 0.85,
      "win_streak": 0,
      "clob_up_ask": 0.66,
      "clob_down_ask": 0.34,
      "seconds_left": 186.6036078929901,
      "trigger_price": null
    },
    {
      "ts": "2026-09-17T12:26:57.051857Z",
      "slug": "btc-updown-5m-1789647900",
      "status": "heartbeat",
      "gamma_up": 0.485,
      "gamma_down": 0.515,
      "clob_up_ask": 0.66,
      "clob_down_ask": 0.35,
      "seconds_left": 183.5534679889679,
      "min_spread": 0.009999999999999953
    },
    {
      "ts": "2026-09-17T12:26:57.051880Z",
      "slug": "btc-updown-5m-1789647900",
      "status": "skip_price_below_threshold",
      "threshold": 0.8,
      "max_ask": 0.85,
      "win_streak": 0,
      "clob_up_ask": 0.66,
      "clob_down_ask": 0.35,
      "seconds_left": 183.5534679889679,
      "trigger_price": null
    },
    {
      "ts": "2026-09-17T12:26:59.922674Z",
      "slug": "btc-updown-5m-1789647900",
      "status": "heartbeat",
      "gamma_up": 0.485,
      "gamma_down": 0.515,
      "clob_up_ask": 0.69,
      "clob_down_ask": 0.31,
      "seconds_left": 180.66646671295166,
      "min_spread": 0.009999999999999898
    },
    {
      "ts": "2026-09-17T12:26:59.922691Z",
      "slug": "btc-updown-5m-1789647900",
      "status": "skip_price_below_threshold",
      "threshold": 0.8,
      "max_ask": 0.85,
      "win_streak": 0,
      "clob_up_ask": 0.69,
      "clob_down_ask": 0.31,
      "seconds_left": 180.66646671295166,
      "trigger_price": null
    },
    {
      "ts": "2026-09-17T12:27:02.825241Z",
      "slug": "btc-updown-5m-1789647900",
      "status": "heartbeat",
      "gamma_up": 0.485,
      "gamma_down": 0.515,
      "clob_up_ask": 0.68,
      "clob_down_ask": 0.33,
      "seconds_left": 177.78452515602112,
      "min_spread": 0.010000000000000009
    },
    {
      "ts": "2026-09-17T12:27:02.825257Z",
      "slug": "btc-updown-5m-1789647900",
      "status": "skip_price_below_threshold",
      "threshold": 0.8,
      "max_ask": 0.85,
      "win_streak": 0,
      "clob_up_ask": 0.68,
      "clob_down_ask": 0.33,
      "seconds_left": 177.78452515602112,
      "trigger_price": null
    },
    {
      "ts": "2026-09-17T12:27:05.749268Z",
      "slug": "btc-updown-5m-1789647900",
      "status": "heartbeat",
      "gamma_up": 0.485,
      "gamma_down": 0.515,
      "clob_up_ask": 0.61,
      "clob_down_ask": 0.43,
      "seconds_left": 174.8684368133545,
      "min_spread": 0.010000000000000009
    },
    {
      "ts": "2026-09-17T12:27:05.749292Z",
      "slug": "btc-updown-5m-1789647900",
      "status": "skip_price_below_threshold",
      "threshold": 0.8,
      "max_ask": 0.85,
      "win_streak": 0,
      "clob_up_ask": 0.61,
      "clob_down_ask": 0.43,
      "seconds_left": 174.8684368133545,
      "trigger_price": null
    },
    {
      "ts": "2026-09-17T12:27:08.651712Z",
      "slug": "btc-updown-5m-1789647900",
      "status": "heartbeat",
      "gamma_up": 0.485,
      "gamma_down": 0.515,
      "clob_up_ask": 0.58,
      "clob_down_ask": 0.43,
      "seconds_left": 171.957190990448,
      "min_spread": 0.010000000000000009
    },
    {
      "ts": "2026-09-17T12:27:08.651739Z",
      "slug": "btc-updown-5m-1789647900",
      "status": "skip_price_below_threshold",
      "threshold": 0.8,
      "max_ask": 0.85,
      "win_streak": 0,
      "clob_up_ask": 0.58,
      "clob_down_ask": 0.43,
      "seconds_left": 171.957190990448,
      "trigger_price": null
    },
    {
      "ts": "2026-09-17T12:27:11.531632Z",
      "slug": "btc-updown-5m-1789647900",
      "status": "heartbeat",
      "gamma_up": 0.485,
      "gamma_down": 0.515,
      "clob_up_ask": 0.55,
      "clob_down_ask": 0.46,
      "seconds_left": 169.06390476226807,
      "min_spread": 0.010000000000000009
    },
    {
      "ts": "2026-09-17T12:27:11.531656Z",
      "slug": "btc-updown-5m-1789647900",
      "status": "skip_price_below_threshold",
      "threshold": 0.8,
      "max_ask": 0.85,
      "win_streak": 0,
      "clob_up_ask": 0.55,
      "clob_down_ask": 0.46,
      "seconds_left": 169.06390476226807,
      "trigger_price": null
    },
    {
      "ts": "2026-09-17T12:27:14.447900Z",
      "slug": "btc-updown-5m-1789647900",
      "status": "heartbeat",
      "gamma_up": 0.485,
      "gamma_down": 0.515,
      "clob_up_ask": 0.56,
      "clob_down_ask": 0.43,
      "seconds_left": 166.16181659698486,
      "min_spread": 0.010000000000000009
    },
    {
      "ts": "2026-09-17T12:27:14.447915Z",
      "slug": "btc-updown-5m-1789647900",
      "status": "skip_price_below_threshold",
      "threshold": 0.8,
      "max_ask": 0.85,
      "win_streak": 0,
      "clob_up_ask": 0.56,
      "clob_down_ask": 0.43,
      "seconds_left": 166.16181659698486,
      "trigger_price": null
    },
    {
      "ts": "2026-09-17T12:27:21.136487Z",
      "slug": "btc-updown-5m-1789647900",
      "status": "heartbeat",
      "gamma_up": 0.485,
      "gamma_down": 0.515,
      "clob_up_ask": 0.63,
      "clob_down_ask": 0.4,
      "seconds_left": 159.60755515098572,
      "min_spread": 0.010000000000000009
    },
    {
      "ts": "2026-09-17T12:27:21.136510Z",
      "slug": "btc-updown-5m-1789647900",
      "status": "skip_price_below_threshold",
      "threshold": 0.8,
      "max_ask": 0.85,
      "win_streak": 0,
      "clob_up_ask": 0.63,
      "clob_down_ask": 0.4,
      "seconds_left": 159.60755515098572,
      "trigger_price": null
    },
    {
      "ts": "2026-09-17T12:27:24.006206Z",
      "slug": "btc-updown-5m-1789647900",
      "status": "heartbeat",
      "gamma_up": 0.485,
      "gamma_down": 0.515,
      "clob_up_ask": 0.55,
      "clob_down_ask": 0.46,
      "seconds_left": 156.59371852874756,
      "min_spread": 0.010000000000000009
    },
    {
      "ts": "2026-09-17T12:27:24.006219Z",
      "slug": "btc-updown-5m-1789647900",
      "status": "skip_price_below_threshold",
      "threshold": 0.8,
      "max_ask": 0.85,
      "win_streak": 0,
      "clob_up_ask": 0.55,
      "clob_down_ask": 0.46,
      "seconds_left": 156.59371852874756,
      "trigger_price": null
    },
    {
      "ts": "2026-09-17T12:27:26.895442Z",
      "slug": "btc-updown-5m-1789647900",
      "status": "heartbeat",
      "gamma_up": 0.485,
      "gamma_down": 0.515,
      "clob_up_ask": 0.57,
      "clob_down_ask": 0.44,
      "seconds_left": 153.68924570083618,
      "min_spread": 0.009999999999999898
    },
    {
      "ts": "2026-09-17T12:27:26.895456Z",
      "slug": "btc-updown-5m-1789647900",
      "status": "skip_price_below_threshold",
      "threshold": 0.8,
      "max_ask": 0.85,
      "win_streak": 0,
      "clob_up_ask": 0.57,
      "clob_down_ask": 0.44,
      "seconds_left": 153.68924570083618,
      "trigger_price": null
    },
    {
      "ts": "2026-09-17T12:27:29.786943Z",
      "slug": "btc-updown-5m-1789647900",
      "status": "heartbeat",
      "gamma_up": 0.485,
      "gamma_down": 0.515,
      "clob_up_ask": 0.56,
      "clob_down_ask": 0.44,
      "seconds_left": 150.81730365753174,
      "min_spread": 0.010000000000000009
    },
    {
      "ts": "2026-09-17T12:27:29.786966Z",
      "slug": "btc-updown-5m-1789647900",
      "status": "skip_price_below_threshold",
      "threshold": 0.8,
      "max_ask": 0.85,
      "win_streak": 0,
      "clob_up_ask": 0.56,
      "clob_down_ask": 0.44,
      "seconds_left": 150.81730365753174,
      "trigger_price": null
    },
    {
      "ts": "2026-09-17T12:27:32.709681Z",
      "slug": "btc-updown-5m-1789647900",
      "status": "heartbeat",
      "gamma_up": 0.485,
      "gamma_down": 0.515,
      "clob_up_ask": 0.58,
      "clob_down_ask": 0.44,
      "seconds_left": 147.93749690055847,
      "min_spread": 0.010000000000000009
    },
    {
      "ts": "2026-09-17T12:27:32.709703Z",
      "slug": "btc-updown-5m-1789647900",
      "status": "skip_price_below_threshold",
      "threshold": 0.8,
      "max_ask": 0.85,
      "win_streak": 0,
      "clob_up_ask": 0.58,
      "clob_down_ask": 0.44,
      "seconds_left": 147.93749690055847,
      "trigger_price": null
    },
    {
      "ts": "2026-09-17T12:27:35.662642Z",
      "slug": "btc-updown-5m-1789647900",
      "status": "heartbeat",
      "gamma_up": 0.485,
      "gamma_down": 0.515,
      "clob_up_ask": 0.69,
      "clob_down_ask": 0.32,
      "seconds_left": 145.00469160079956,
      "min_spread": 0.009999999999999898
    },
    {
      "ts": "2026-09-17T12:27:35.662659Z",
      "slug": "btc-updown-5m-1789647900",
      "status": "skip_price_below_threshold",
      "threshold": 0.8,
      "max_ask": 0.85,
      "win_streak": 0,
      "clob_up_ask": 0.69,
      "clob_down_ask": 0.32,
      "seconds_left": 145.00469160079956,
      "trigger_price": null
    },
    {
      "ts": "2026-09-17T12:27:38.577187Z",
      "slug": "btc-updown-5m-1789647900",
      "status": "heartbeat",
      "gamma_up": 0.485,
      "gamma_down": 0.515,
      "clob_up_ask": 0.69,
      "clob_down_ask": 0.32,
      "seconds_left": 142.0396499633789,
      "min_spread": 0.009999999999999898
    },
    {
      "ts": "2026-09-17T12:27:38.577213Z",
      "slug": "btc-updown-5m-1789647900",
      "status": "skip_price_below_threshold",
      "threshold": 0.8,
      "max_ask": 0.85,
      "win_streak": 0,
      "clob_up_ask": 0.69,
      "clob_down_ask": 0.32,
      "seconds_left": 142.0396499633789,
      "trigger_price": null
    },
    {
      "ts": "2026-09-17T12:27:41.454239Z",
      "slug": "btc-updown-5m-1789647900",
      "status": "heartbeat",
      "gamma_up": 0.485,
      "gamma_down": 0.515,
      "clob_up_ask": 0.8,
      "clob_down_ask": 0.21,
      "seconds_left": 139.14265966415405,
      "min_spread": 0.009999999999999981
    }
  ],
  "open_raw": "{\"mode\": \"open\", \"execute\": true, \"market_slug\": \"btc-updown-5m-1789647900\", \"force_side\": \"UP\", \"token_id\": \"11146360652507277440211864358553361500807190459068547481080073394500756430887\", \"entry_price\": 0.81, \"notional_usd\": 100.0, \"top_ask_notional_usd\": 432.2970000000001, \"collateral_pusd\": 400.518905, \"order_post_result\": {\"errorMsg\": \"\", \"orderID\": \"0x9b19ae320c87ebe82e5fae4de0c8b114125bebad8c9ac6454375a741f5ccd416\", \"takingAmount\": \"125\", \"makingAmount\": \"100\", \"status\": \"matched\", \"transactionsHashes\": [\"0x4f91e6ace6bdb4aaed379592b81e7442f67221e0520389292e2d4dd5ad2ce508\"], \"success\": true}}\n\n[py_clob_client_v2] request error status=400 url=https://clob.polymarket.com/auth/api-key body={\"error\":\"Could not create api key\"}\n\n",
  "opened": {
    "opened_at": "2026-09-17T12:27:46.450865Z",
    "market_slug": "btc-updown-5m-1789647900",
    "market_end_iso": "2026-09-17T12:30:00Z",
    "side": "UP",
    "token_id": "11146360652507277440211864358553361500807190459068547481080073394500756430887",
    "entry_price": 0.81,
    "shares": 125.0,
    "cost_usdc": 100.0,
    "open_order_id": "0x9b19ae320c87ebe82e5fae4de0c8b114125bebad8c9ac6454375a741f5ccd416",
    "open_tx": "0x4f91e6ace6bdb4aaed379592b81e7442f67221e0520389292e2d4dd5ad2ce508"
  },
  "stop_loss_price": 0.08099999999999999,
  "last_side_price": 0.685,
  "last_clob_bid": 0.99,
  "last_check_at": "2026-09-17T12:29:43.129660Z",
  "closed": {
    "close_reason": "hold_to_settlement_winning_book",
    "closed_at": "2026-09-17T12:29:45.428213Z",
    "close_success": false,
    "close_status": "held",
    "close_order_id": null,
    "close_tx": null,
    "close_shares": 0.0,
    "close_usdc": 0.0,
    "close_skipped": "hold_to_settlement"
  },
  "realized_cashflow_pnl_usdc": null,
  "finished_at": "2026-09-17T12:29:45.428229Z",
  "result": "done"
}
[2026-09-17T12:29:45Z] session_end rc=0 sessions=1 stake_usd=100
journal_ok trades=186 md=/home/yukeen/polymarketbot/5min-btc-polymarket/data/live_trades.md json=/home/yukeen/polymarketbot/5min-btc-polymarket/data/live_trades.json
[2026-09-17T12:31:23Z] fills=1/1 sessions=1/36
[2026-09-17T12:31:23Z] stop_max_fills=1
[2026-09-17T12:31:23Z] loop_exit
